WARNING: A terminally deprecated method in sun.misc.Unsafe has been called
WARNING: sun.misc.Unsafe::staticFieldBase has been called by com.google.inject.internal.aop.HiddenClassDefiner (file:/Users/benh/.m2/wrapper/dists/apache-maven-3.9.11/a2d47e15/lib/guice-5.1.0-classes.jar)
WARNING: Please consider reporting this to the maintainers of class com.google.inject.internal.aop.HiddenClassDefiner
WARNING: sun.misc.Unsafe::staticFieldBase will be removed in a future release
[INFO] Scanning for projects...
[INFO] 
[INFO] -------------< com.turningpoint:campus-chapter-organizer >--------------
[INFO] Building Campus Chapter Organizer 1.0.0-SNAPSHOT
[INFO]   from pom.xml
[INFO] --------------------------------[ jar ]---------------------------------
[INFO] 
[INFO] >>> spring-boot:3.3.6:run (default-cli) > test-compile @ campus-chapter-organizer >>>
[INFO] 
[INFO] --- resources:3.3.1:resources (default-resources) @ campus-chapter-organizer ---
[INFO] Copying 3 resources from src/main/resources to target/classes
[INFO] Copying 26 resources from src/main/resources to target/classes
[INFO] 
[INFO] --- compiler:3.13.0:compile (default-compile) @ campus-chapter-organizer ---
[INFO] Nothing to compile - all classes are up to date.
[INFO] 
[INFO] --- resources:3.3.1:testResources (default-testResources) @ campus-chapter-organizer ---
[INFO] Copying 1 resource from src/test/resources to target/test-classes
[INFO] 
[INFO] --- compiler:3.13.0:testCompile (default-testCompile) @ campus-chapter-organizer ---
[INFO] Recompiling the module because of changed source code.
[INFO] Compiling 22 source files with javac [debug parameters release 21] to target/test-classes
[INFO] -------------------------------------------------------------
[ERROR] COMPILATION ERROR : 
[INFO] -------------------------------------------------------------
[ERROR] /Users/benh/Documents/StartAChapter/src/test/java/com/turningpoint/chapterorganizer/service/MemberServiceTest.java:[210,2] class, interface, enum, or record expected
[ERROR] /Users/benh/Documents/StartAChapter/src/test/java/com/turningpoint/chapterorganizer/service/MemberServiceTest.java:[213,1] illegal character: '#'
[ERROR] /Users/benh/Documents/StartAChapter/src/test/java/com/turningpoint/chapterorganizer/service/MemberServiceTest.java:[223,3] illegal character: '#'
[INFO] 3 errors 
[INFO] -------------------------------------------------------------
[INFO] ------------------------------------------------------------------------
[INFO] BUILD FAILURE
[INFO] ------------------------------------------------------------------------
[INFO] Total time:  0.601 s
[INFO] Finished at: 2025-10-27T15:35:03-06:00
[INFO] ------------------------------------------------------------------------
[ERROR] Failed to execute goal org.apache.maven.plugins:maven-compiler-plugin:3.13.0:testCompile (default-testCompile) on project campus-chapter-organizer: Compilation failure: Compilation failure: 
[ERROR] /Users/benh/Documents/StartAChapter/src/test/java/com/turningpoint/chapterorganizer/service/MemberServiceTest.java:[210,2] class, interface, enum, or record expected
[ERROR] /Users/benh/Documents/StartAChapter/src/test/java/com/turningpoint/chapterorganizer/service/MemberServiceTest.java:[213,1] illegal character: '#'
[ERROR] /Users/benh/Documents/StartAChapter/src/test/java/com/turningpoint/chapterorganizer/service/MemberServiceTest.java:[223,3] illegal character: '#'
[ERROR] -> [Help 1]
[ERROR] 
[ERROR] To see the full stack trace of the errors, re-run Maven with the -e switch.
[ERROR] Re-run Maven using the -X switch to enable full debug logging.
[ERROR] 
[ERROR] For more information about the errors and possible solutions, please read the following articles:
[ERROR] [Help 1] http://cwiki.apache.org/confluence/display/MAVEN/MojoFailureException
