WARNING: A terminally deprecated method in sun.misc.Unsafe has been called
WARNING: sun.misc.Unsafe::staticFieldBase has been called by com.google.inject.internal.aop.HiddenClassDefiner (file:/Users/benh/.m2/wrapper/dists/apache-maven-3.9.11/a2d47e15/lib/guice-5.1.0-classes.jar)
WARNING: Please consider reporting this to the maintainers of class com.google.inject.internal.aop.HiddenClassDefiner
WARNING: sun.misc.Unsafe::staticFieldBase will be removed in a future release
[INFO] Scanning for projects...
[INFO] 
[INFO] -------------< com.turningpoint:campus-chapter-organizer >--------------
[INFO] Building Campus Chapter Organizer 1.0.0-SNAPSHOT
[INFO]   from pom.xml
[INFO] --------------------------------[ jar ]---------------------------------
[INFO] 
[INFO] >>> spring-boot:3.3.6:run (default-cli) > test-compile @ campus-chapter-organizer >>>
[INFO] 
[INFO] --- resources:3.3.1:resources (default-resources) @ campus-chapter-organizer ---
[INFO] Copying 3 resources from src/main/resources to target/classes
[INFO] Copying 26 resources from src/main/resources to target/classes
[INFO] 
[INFO] --- compiler:3.13.0:compile (default-compile) @ campus-chapter-organizer ---
[INFO] Nothing to compile - all classes are up to date.
[INFO] 
[INFO] --- resources:3.3.1:testResources (default-testResources) @ campus-chapter-organizer ---
[INFO] Copying 1 resource from src/test/resources to target/test-classes
[INFO] 
[INFO] --- compiler:3.13.0:testCompile (default-testCompile) @ campus-chapter-organizer ---
[INFO] Recompiling the module because of changed source code.
[INFO] Compiling 22 source files with javac [debug parameters release 21] to target/test-classes
[INFO] 
[INFO] <<< spring-boot:3.3.6:run (default-cli) < test-compile @ campus-chapter-organizer <<<
[INFO] 
[INFO] 
[INFO] --- spring-boot:3.3.6:run (default-cli) @ campus-chapter-organizer ---
[INFO] Attaching agents: []

  .   ____          _            __ _ _
 /\\ / ___'_ __ _ _(_)_ __  __ _ \ \ \ \
( ( )\___ | '_ | '_| | '_ \/ _` | \ \ \ \
 \\/  ___)| |_)| | | | | || (_| |  ) ) ) )
  '  |____| .__|_| |_|_| |_\__, | / / / /
 =========|_|==============|___/=/_/_/_/

 :: Spring Boot ::                (v3.3.6)

2025-10-27T15:36:00.941-06:00  INFO 41187 --- [Campus Chapter Organizer] [  restartedMain] c.t.c.CampusChapterOrganizerApplication  : Starting CampusChapterOrganizerApplication using Java 25 with PID 41187 (/Users/benh/Documents/StartAChapter/target/classes started by benh in /Users/benh/Documents/StartAChapter)
2025-10-27T15:36:00.942-06:00 DEBUG 41187 --- [Campus Chapter Organizer] [  restartedMain] c.t.c.CampusChapterOrganizerApplication  : Running with Spring Boot v3.3.6, Spring v6.1.15
2025-10-27T15:36:00.943-06:00  INFO 41187 --- [Campus Chapter Organizer] [  restartedMain] c.t.c.CampusChapterOrganizerApplication  : No active profile set, falling back to 1 default profile: "default"
2025-10-27T15:36:00.961-06:00  INFO 41187 --- [Campus Chapter Organizer] [  restartedMain] .e.DevToolsPropertyDefaultsPostProcessor : Devtools property defaults active! Set 'spring.devtools.add-properties' to 'false' to disable
2025-10-27T15:36:00.961-06:00  INFO 41187 --- [Campus Chapter Organizer] [  restartedMain] .e.DevToolsPropertyDefaultsPostProcessor : For additional web related logging consider setting the 'logging.level.web' property to 'DEBUG'
2025-10-27T15:36:01.332-06:00  INFO 41187 --- [Campus Chapter Organizer] [  restartedMain] .s.d.r.c.RepositoryConfigurationDelegate : Bootstrapping Spring Data JPA repositories in DEFAULT mode.
2025-10-27T15:36:01.362-06:00  INFO 41187 --- [Campus Chapter Organizer] [  restartedMain] .s.d.r.c.RepositoryConfigurationDelegate : Finished Spring Data repository scanning in 27 ms. Found 15 JPA repository interfaces.
WARNING: A restricted method in java.lang.System has been called
WARNING: java.lang.System::load has been called by org.apache.tomcat.jni.Library in an unnamed module (file:/Users/benh/.m2/repository/org/apache/tomcat/embed/tomcat-embed-core/10.1.33/tomcat-embed-core-10.1.33.jar)
WARNING: Use --enable-native-access=ALL-UNNAMED to avoid a warning for callers in this module
WARNING: Restricted methods will be blocked in a future release unless native access is enabled

2025-10-27T15:36:01.653-06:00  INFO 41187 --- [Campus Chapter Organizer] [  restartedMain] o.s.b.w.embedded.tomcat.TomcatWebServer  : Tomcat initialized with port 8080 (http)
2025-10-27T15:36:01.658-06:00  INFO 41187 --- [Campus Chapter Organizer] [  restartedMain] o.apache.catalina.core.StandardService   : Starting service [Tomcat]
2025-10-27T15:36:01.658-06:00  INFO 41187 --- [Campus Chapter Organizer] [  restartedMain] o.apache.catalina.core.StandardEngine    : Starting Servlet engine: [Apache Tomcat/10.1.33]
2025-10-27T15:36:01.671-06:00  INFO 41187 --- [Campus Chapter Organizer] [  restartedMain] o.a.c.c.C.[Tomcat].[localhost].[/]       : Initializing Spring embedded WebApplicationContext
2025-10-27T15:36:01.671-06:00  INFO 41187 --- [Campus Chapter Organizer] [  restartedMain] w.s.c.ServletWebServerApplicationContext : Root WebApplicationContext: initialization completed in 710 ms
2025-10-27T15:36:01.716-06:00  INFO 41187 --- [Campus Chapter Organizer] [  restartedMain] com.zaxxer.hikari.HikariDataSource       : HikariPool-1 - Starting...
2025-10-27T15:36:01.778-06:00  INFO 41187 --- [Campus Chapter Organizer] [  restartedMain] com.zaxxer.hikari.pool.HikariPool        : HikariPool-1 - Added connection conn0: url=jdbc:h2:mem:chapterdb user=SA
2025-10-27T15:36:01.779-06:00  INFO 41187 --- [Campus Chapter Organizer] [  restartedMain] com.zaxxer.hikari.HikariDataSource       : HikariPool-1 - Start completed.
2025-10-27T15:36:01.783-06:00  INFO 41187 --- [Campus Chapter Organizer] [  restartedMain] o.s.b.a.h2.H2ConsoleAutoConfiguration    : H2 console available at '/h2-console'. Database available at 'jdbc:h2:mem:chapterdb'
2025-10-27T15:36:01.882-06:00  INFO 41187 --- [Campus Chapter Organizer] [  restartedMain] org.flywaydb.core.FlywayExecutor         : Database: jdbc:h2:mem:chapterdb (H2 2.2)
2025-10-27T15:36:01.883-06:00  WARN 41187 --- [Campus Chapter Organizer] [  restartedMain] o.f.c.internal.database.base.Database    : Flyway upgrade recommended: H2 2.2.224 is newer than this version of Flyway and support has not been tested. The latest supported version of H2 is 2.2.220.
2025-10-27T15:36:01.890-06:00  INFO 41187 --- [Campus Chapter Organizer] [  restartedMain] o.f.c.i.s.JdbcTableSchemaHistory         : Schema history table "PUBLIC"."flyway_schema_history" does not exist yet
2025-10-27T15:36:01.891-06:00  INFO 41187 --- [Campus Chapter Organizer] [  restartedMain] o.f.core.internal.command.DbValidate     : Successfully validated 4 migrations (execution time 00:00.004s)
2025-10-27T15:36:01.893-06:00  INFO 41187 --- [Campus Chapter Organizer] [  restartedMain] o.f.c.i.s.JdbcTableSchemaHistory         : Creating Schema History table "PUBLIC"."flyway_schema_history" ...
2025-10-27T15:36:01.905-06:00  INFO 41187 --- [Campus Chapter Organizer] [  restartedMain] o.f.core.internal.command.DbMigrate      : Current version of schema "PUBLIC": << Empty Schema >>
2025-10-27T15:36:01.908-06:00  INFO 41187 --- [Campus Chapter Organizer] [  restartedMain] o.f.core.internal.command.DbMigrate      : Migrating schema "PUBLIC" to version "1 - Create initial tables"
2025-10-27T15:36:01.918-06:00  INFO 41187 --- [Campus Chapter Organizer] [  restartedMain] o.f.core.internal.command.DbMigrate      : Migrating schema "PUBLIC" to version "2 - Add institutions table"
2025-10-27T15:36:01.926-06:00  INFO 41187 --- [Campus Chapter Organizer] [  restartedMain] o.f.core.internal.command.DbMigrate      : Migrating schema "PUBLIC" to version "3 - Migrate existing chapters to institutions"
2025-10-27T15:36:01.929-06:00  INFO 41187 --- [Campus Chapter Organizer] [  restartedMain] o.f.core.internal.command.DbMigrate      : Migrating schema "PUBLIC" to version "4 - Create audit logs table"
2025-10-27T15:36:01.933-06:00  INFO 41187 --- [Campus Chapter Organizer] [  restartedMain] o.f.core.internal.command.DbMigrate      : Successfully applied 4 migrations to schema "PUBLIC", now at version v4 (execution time 00:00.014s)
2025-10-27T15:36:01.967-06:00  INFO 41187 --- [Campus Chapter Organizer] [  restartedMain] o.hibernate.jpa.internal.util.LogHelper  : HHH000204: Processing PersistenceUnitInfo [name: default]
2025-10-27T15:36:01.985-06:00  INFO 41187 --- [Campus Chapter Organizer] [  restartedMain] org.hibernate.Version                    : HHH000412: Hibernate ORM core version 6.5.3.Final
2025-10-27T15:36:01.994-06:00  INFO 41187 --- [Campus Chapter Organizer] [  restartedMain] o.h.c.internal.RegionFactoryInitiator    : HHH000026: Second-level cache disabled
2025-10-27T15:36:02.085-06:00  INFO 41187 --- [Campus Chapter Organizer] [  restartedMain] o.s.o.j.p.SpringPersistenceUnitInfo      : No LoadTimeWeaver setup: ignoring JPA class transformer
2025-10-27T15:36:02.100-06:00  WARN 41187 --- [Campus Chapter Organizer] [  restartedMain] org.hibernate.orm.deprecation            : HHH90000025: H2Dialect does not need to be specified explicitly using 'hibernate.dialect' (remove the property setting and it will be selected by default)
2025-10-27T15:36:02.547-06:00  INFO 41187 --- [Campus Chapter Organizer] [  restartedMain] o.h.e.t.j.p.i.JtaPlatformInitiator       : HHH000489: No JTA platform available (set 'hibernate.transaction.jta.platform' to enable JTA platform integration)
2025-10-27T15:36:02.570-06:00  INFO 41187 --- [Campus Chapter Organizer] [  restartedMain] j.LocalContainerEntityManagerFactoryBean : Initialized JPA EntityManagerFactory for persistence unit 'default'
2025-10-27T15:36:02.689-06:00  INFO 41187 --- [Campus Chapter Organizer] [  restartedMain] o.s.d.j.r.query.QueryEnhancerFactory     : Hibernate is in classpath; If applicable, HQL parser will be used.
2025-10-27T15:36:03.429-06:00  WARN 41187 --- [Campus Chapter Organizer] [  restartedMain] JpaBaseConfiguration$JpaWebConfiguration : spring.jpa.open-in-view is enabled by default. Therefore, database queries may be performed during view rendering. Explicitly configure spring.jpa.open-in-view to disable this warning
2025-10-27T15:36:03.442-06:00  WARN 41187 --- [Campus Chapter Organizer] [  restartedMain] .s.s.UserDetailsServiceAutoConfiguration : 

Using generated security password: 3d19ef10-a67c-4746-9f0a-f6b8e13ff646

This generated password is for development use only. Your security configuration must be updated before running your application in production.

2025-10-27T15:36:03.445-06:00  INFO 41187 --- [Campus Chapter Organizer] [  restartedMain] r$InitializeUserDetailsManagerConfigurer : Global AuthenticationManager configured with UserDetailsService bean with name inMemoryUserDetailsManager
2025-10-27T15:36:03.493-06:00  INFO 41187 --- [Campus Chapter Organizer] [  restartedMain] o.s.b.a.w.s.WelcomePageHandlerMapping    : Adding welcome page: class path resource [static/index.html]
2025-10-27T15:36:03.600-06:00  INFO 41187 --- [Campus Chapter Organizer] [  restartedMain] o.s.b.a.e.web.EndpointLinksResolver      : Exposing 1 endpoint beneath base path '/actuator'
2025-10-27T15:36:03.712-06:00  WARN 41187 --- [Campus Chapter Organizer] [  restartedMain] ion$DefaultTemplateResolverConfiguration : Cannot find template location: classpath:/templates/ (please add some templates, check your Thymeleaf configuration, or set spring.thymeleaf.check-template-location=false)
2025-10-27T15:36:03.843-06:00  INFO 41187 --- [Campus Chapter Organizer] [  restartedMain] o.s.b.d.a.OptionalLiveReloadServer       : LiveReload server is running on port 35729
2025-10-27T15:36:03.872-06:00  INFO 41187 --- [Campus Chapter Organizer] [  restartedMain] o.s.b.w.embedded.tomcat.TomcatWebServer  : Tomcat started on port 8080 (http) with context path '/'
2025-10-27T15:36:03.873-06:00  INFO 41187 --- [Campus Chapter Organizer] [  restartedMain] o.s.m.s.b.SimpleBrokerMessageHandler     : Starting...
2025-10-27T15:36:03.873-06:00  INFO 41187 --- [Campus Chapter Organizer] [  restartedMain] o.s.m.s.b.SimpleBrokerMessageHandler     : BrokerAvailabilityEvent[available=true, SimpleBrokerMessageHandler [org.springframework.messaging.simp.broker.DefaultSubscriptionRegistry@11c9f305]]
2025-10-27T15:36:03.873-06:00  INFO 41187 --- [Campus Chapter Organizer] [  restartedMain] o.s.m.s.b.SimpleBrokerMessageHandler     : Started.
2025-10-27T15:36:03.880-06:00  INFO 41187 --- [Campus Chapter Organizer] [  restartedMain] c.t.c.CampusChapterOrganizerApplication  : Started CampusChapterOrganizerApplication in 3.054 seconds (process running for 3.189)
Initializing comprehensive Turning Point USA chapter data for all 50 states...
Creating test user with roles and permissions...
Test user created successfully:
Username: testuser
Password: password123
Email: testuser@turningpoint.org
Role: TEST_USER with 6 permissions
Sample data initialization completed successfully!
Created 52 chapters, 803 members, and 224 events across all 50 states.
2025-10-27T15:36:39.237-06:00  INFO 41187 --- [Campus Chapter Organizer] [nio-8080-exec-1] o.a.c.c.C.[Tomcat].[localhost].[/]       : Initializing Spring DispatcherServlet 'dispatcherServlet'
2025-10-27T15:36:39.237-06:00  INFO 41187 --- [Campus Chapter Organizer] [nio-8080-exec-1] o.s.web.servlet.DispatcherServlet        : Initializing Servlet 'dispatcherServlet'
2025-10-27T15:36:39.238-06:00  INFO 41187 --- [Campus Chapter Organizer] [nio-8080-exec-1] o.s.web.servlet.DispatcherServlet        : Completed initialization in 1 ms
DEBUG: createBlog method called
DEBUG: Looking for member with ID: 835
ERROR: Member not found with id: 835
ERROR: Total members in database: 803
2025-10-27T15:37:03.865-06:00  INFO 41187 --- [Campus Chapter Organizer] [MessageBroker-1] o.s.w.s.c.WebSocketMessageBrokerStats    : WebSocketSession[0 current WS(0)-HttpStream(0)-HttpPoll(0), 0 total, 0 closed abnormally (0 connect failure, 0 send limit, 0 transport error)], stompSubProtocol[processed CONNECT(0)-CONNECTED(0)-DISCONNECT(0)], stompBrokerRelay[null], inboundChannel[pool size = 0, active threads = 0, queued tasks = 0, completed tasks = 0], outboundChannel[pool size = 0, active threads = 0, queued tasks = 0, completed tasks = 0], sockJsScheduler[pool size = 1, active threads = 1, queued tasks = 0, completed tasks = 0]
DEBUG: createBlog method called
DEBUG: Looking for member with ID: 803
DEBUG: Found member: Test User
DEBUG: Blog saved with ID: 1
2025-10-27T15:45:07.291-06:00  INFO 41187 --- [Campus Chapter Organizer] [   File Watcher] rtingClassPathChangeChangedEventListener : Restarting due to 1 class path change (0 additions, 0 deletions, 1 modification)
2025-10-27T15:45:07.292-06:00  INFO 41187 --- [Campus Chapter Organizer] [       Thread-5] o.s.m.s.b.SimpleBrokerMessageHandler     : Stopping...
2025-10-27T15:45:07.292-06:00  INFO 41187 --- [Campus Chapter Organizer] [       Thread-5] o.s.m.s.b.SimpleBrokerMessageHandler     : BrokerAvailabilityEvent[available=false, SimpleBrokerMessageHandler [org.springframework.messaging.simp.broker.DefaultSubscriptionRegistry@11c9f305]]
2025-10-27T15:45:07.292-06:00  INFO 41187 --- [Campus Chapter Organizer] [       Thread-5] o.s.m.s.b.SimpleBrokerMessageHandler     : Stopped.
2025-10-27T15:45:07.300-06:00  INFO 41187 --- [Campus Chapter Organizer] [       Thread-5] j.LocalContainerEntityManagerFactoryBean : Closing JPA EntityManagerFactory for persistence unit 'default'
2025-10-27T15:45:07.305-06:00  WARN 41187 --- [Campus Chapter Organizer] [       Thread-5] o.s.b.f.support.DisposableBeanAdapter    : Invocation of destroy method failed on bean with name 'inMemoryDatabaseShutdownExecutor': org.h2.jdbc.JdbcSQLNonTransientConnectionException: Database is already closed (to disable automatic closing at VM shutdown, add ";DB_CLOSE_ON_EXIT=FALSE" to the db URL) [90121-224]
2025-10-27T15:45:07.306-06:00  INFO 41187 --- [Campus Chapter Organizer] [       Thread-5] com.zaxxer.hikari.HikariDataSource       : HikariPool-1 - Shutdown initiated...
2025-10-27T15:45:07.307-06:00  INFO 41187 --- [Campus Chapter Organizer] [       Thread-5] com.zaxxer.hikari.HikariDataSource       : HikariPool-1 - Shutdown completed.

  .   ____          _            __ _ _
 /\\ / ___'_ __ _ _(_)_ __  __ _ \ \ \ \
( ( )\___ | '_ | '_| | '_ \/ _` | \ \ \ \
 \\/  ___)| |_)| | | | | || (_| |  ) ) ) )
  '  |____| .__|_| |_|_| |_\__, | / / / /
 =========|_|==============|___/=/_/_/_/

 :: Spring Boot ::                (v3.3.6)

2025-10-27T15:45:07.366-06:00  INFO 41187 --- [Campus Chapter Organizer] [  restartedMain] c.t.c.CampusChapterOrganizerApplication  : Starting CampusChapterOrganizerApplication using Java 25 with PID 41187 (/Users/benh/Documents/StartAChapter/target/classes started by benh in /Users/benh/Documents/StartAChapter)
2025-10-27T15:45:07.366-06:00 DEBUG 41187 --- [Campus Chapter Organizer] [  restartedMain] c.t.c.CampusChapterOrganizerApplication  : Running with Spring Boot v3.3.6, Spring v6.1.15
2025-10-27T15:45:07.366-06:00  INFO 41187 --- [Campus Chapter Organizer] [  restartedMain] c.t.c.CampusChapterOrganizerApplication  : No active profile set, falling back to 1 default profile: "default"
2025-10-27T15:45:07.503-06:00  INFO 41187 --- [Campus Chapter Organizer] [  restartedMain] .s.d.r.c.RepositoryConfigurationDelegate : Bootstrapping Spring Data JPA repositories in DEFAULT mode.
2025-10-27T15:45:07.514-06:00  INFO 41187 --- [Campus Chapter Organizer] [  restartedMain] .s.d.r.c.RepositoryConfigurationDelegate : Finished Spring Data repository scanning in 10 ms. Found 15 JPA repository interfaces.
2025-10-27T15:45:07.588-06:00  INFO 41187 --- [Campus Chapter Organizer] [  restartedMain] o.s.b.w.embedded.tomcat.TomcatWebServer  : Tomcat initialized with port 8080 (http)
2025-10-27T15:45:07.589-06:00  INFO 41187 --- [Campus Chapter Organizer] [  restartedMain] o.apache.catalina.core.StandardService   : Starting service [Tomcat]
2025-10-27T15:45:07.589-06:00  INFO 41187 --- [Campus Chapter Organizer] [  restartedMain] o.apache.catalina.core.StandardEngine    : Starting Servlet engine: [Apache Tomcat/10.1.33]
2025-10-27T15:45:07.593-06:00  INFO 41187 --- [Campus Chapter Organizer] [  restartedMain] o.a.c.c.C.[Tomcat].[localhost].[/]       : Initializing Spring embedded WebApplicationContext
2025-10-27T15:45:07.593-06:00  INFO 41187 --- [Campus Chapter Organizer] [  restartedMain] w.s.c.ServletWebServerApplicationContext : Root WebApplicationContext: initialization completed in 226 ms
2025-10-27T15:45:07.615-06:00  INFO 41187 --- [Campus Chapter Organizer] [  restartedMain] com.zaxxer.hikari.HikariDataSource       : HikariPool-2 - Starting...
2025-10-27T15:45:07.615-06:00  INFO 41187 --- [Campus Chapter Organizer] [  restartedMain] com.zaxxer.hikari.pool.HikariPool        : HikariPool-2 - Added connection conn10: url=jdbc:h2:mem:chapterdb user=SA
2025-10-27T15:45:07.616-06:00  INFO 41187 --- [Campus Chapter Organizer] [  restartedMain] com.zaxxer.hikari.HikariDataSource       : HikariPool-2 - Start completed.
2025-10-27T15:45:07.616-06:00  INFO 41187 --- [Campus Chapter Organizer] [  restartedMain] o.s.b.a.h2.H2ConsoleAutoConfiguration    : H2 console available at '/h2-console'. Database available at 'jdbc:h2:mem:chapterdb'
2025-10-27T15:45:07.645-06:00  INFO 41187 --- [Campus Chapter Organizer] [  restartedMain] org.flywaydb.core.FlywayExecutor         : Database: jdbc:h2:mem:chapterdb (H2 2.2)
2025-10-27T15:45:07.645-06:00  WARN 41187 --- [Campus Chapter Organizer] [  restartedMain] o.f.c.internal.database.base.Database    : Flyway upgrade recommended: H2 2.2.224 is newer than this version of Flyway and support has not been tested. The latest supported version of H2 is 2.2.220.
2025-10-27T15:45:07.647-06:00  INFO 41187 --- [Campus Chapter Organizer] [  restartedMain] o.f.c.i.s.JdbcTableSchemaHistory         : Schema history table "PUBLIC"."flyway_schema_history" does not exist yet
2025-10-27T15:45:07.647-06:00  INFO 41187 --- [Campus Chapter Organizer] [  restartedMain] o.f.core.internal.command.DbValidate     : Successfully validated 4 migrations (execution time 00:00.001s)
2025-10-27T15:45:07.648-06:00  INFO 41187 --- [Campus Chapter Organizer] [  restartedMain] o.f.c.i.s.JdbcTableSchemaHistory         : Creating Schema History table "PUBLIC"."flyway_schema_history" ...
2025-10-27T15:45:07.650-06:00  INFO 41187 --- [Campus Chapter Organizer] [  restartedMain] o.f.core.internal.command.DbMigrate      : Current version of schema "PUBLIC": << Empty Schema >>
2025-10-27T15:45:07.652-06:00  INFO 41187 --- [Campus Chapter Organizer] [  restartedMain] o.f.core.internal.command.DbMigrate      : Migrating schema "PUBLIC" to version "1 - Create initial tables"
2025-10-27T15:45:07.655-06:00  INFO 41187 --- [Campus Chapter Organizer] [  restartedMain] o.f.core.internal.command.DbMigrate      : Migrating schema "PUBLIC" to version "2 - Add institutions table"
2025-10-27T15:45:07.658-06:00  INFO 41187 --- [Campus Chapter Organizer] [  restartedMain] o.f.core.internal.command.DbMigrate      : Migrating schema "PUBLIC" to version "3 - Migrate existing chapters to institutions"
2025-10-27T15:45:07.660-06:00  INFO 41187 --- [Campus Chapter Organizer] [  restartedMain] o.f.core.internal.command.DbMigrate      : Migrating schema "PUBLIC" to version "4 - Create audit logs table"
2025-10-27T15:45:07.661-06:00  INFO 41187 --- [Campus Chapter Organizer] [  restartedMain] o.f.core.internal.command.DbMigrate      : Successfully applied 4 migrations to schema "PUBLIC", now at version v4 (execution time 00:00.004s)
2025-10-27T15:45:07.673-06:00  INFO 41187 --- [Campus Chapter Organizer] [  restartedMain] o.hibernate.jpa.internal.util.LogHelper  : HHH000204: Processing PersistenceUnitInfo [name: default]
2025-10-27T15:45:07.674-06:00  INFO 41187 --- [Campus Chapter Organizer] [  restartedMain] o.h.c.internal.RegionFactoryInitiator    : HHH000026: Second-level cache disabled
2025-10-27T15:45:07.677-06:00  INFO 41187 --- [Campus Chapter Organizer] [  restartedMain] o.s.o.j.p.SpringPersistenceUnitInfo      : No LoadTimeWeaver setup: ignoring JPA class transformer
2025-10-27T15:45:07.678-06:00  WARN 41187 --- [Campus Chapter Organizer] [  restartedMain] org.hibernate.orm.deprecation            : HHH90000025: H2Dialect does not need to be specified explicitly using 'hibernate.dialect' (remove the property setting and it will be selected by default)
2025-10-27T15:45:07.789-06:00  INFO 41187 --- [Campus Chapter Organizer] [  restartedMain] o.h.e.t.j.p.i.JtaPlatformInitiator       : HHH000489: No JTA platform available (set 'hibernate.transaction.jta.platform' to enable JTA platform integration)
2025-10-27T15:45:07.797-06:00  INFO 41187 --- [Campus Chapter Organizer] [  restartedMain] j.LocalContainerEntityManagerFactoryBean : Initialized JPA EntityManagerFactory for persistence unit 'default'
2025-10-27T15:45:08.047-06:00  WARN 41187 --- [Campus Chapter Organizer] [  restartedMain] JpaBaseConfiguration$JpaWebConfiguration : spring.jpa.open-in-view is enabled by default. Therefore, database queries may be performed during view rendering. Explicitly configure spring.jpa.open-in-view to disable this warning
2025-10-27T15:45:08.056-06:00  WARN 41187 --- [Campus Chapter Organizer] [  restartedMain] .s.s.UserDetailsServiceAutoConfiguration : 

Using generated security password: 6a788518-9375-4978-9547-3167c7e49bfc

This generated password is for development use only. Your security configuration must be updated before running your application in production.

2025-10-27T15:45:08.057-06:00  INFO 41187 --- [Campus Chapter Organizer] [  restartedMain] r$InitializeUserDetailsManagerConfigurer : Global AuthenticationManager configured with UserDetailsService bean with name inMemoryUserDetailsManager
2025-10-27T15:45:08.072-06:00  INFO 41187 --- [Campus Chapter Organizer] [  restartedMain] o.s.b.a.w.s.WelcomePageHandlerMapping    : Adding welcome page: class path resource [static/index.html]
2025-10-27T15:45:08.133-06:00  INFO 41187 --- [Campus Chapter Organizer] [  restartedMain] o.s.b.a.e.web.EndpointLinksResolver      : Exposing 1 endpoint beneath base path '/actuator'
2025-10-27T15:45:08.209-06:00  WARN 41187 --- [Campus Chapter Organizer] [  restartedMain] ion$DefaultTemplateResolverConfiguration : Cannot find template location: classpath:/templates/ (please add some templates, check your Thymeleaf configuration, or set spring.thymeleaf.check-template-location=false)
2025-10-27T15:45:08.303-06:00  INFO 41187 --- [Campus Chapter Organizer] [  restartedMain] o.s.b.d.a.OptionalLiveReloadServer       : LiveReload server is running on port 35729
2025-10-27T15:45:08.322-06:00  INFO 41187 --- [Campus Chapter Organizer] [  restartedMain] o.s.b.w.embedded.tomcat.TomcatWebServer  : Tomcat started on port 8080 (http) with context path '/'
2025-10-27T15:45:08.323-06:00  INFO 41187 --- [Campus Chapter Organizer] [  restartedMain] o.s.m.s.b.SimpleBrokerMessageHandler     : Starting...
2025-10-27T15:45:08.323-06:00  INFO 41187 --- [Campus Chapter Organizer] [  restartedMain] o.s.m.s.b.SimpleBrokerMessageHandler     : BrokerAvailabilityEvent[available=true, SimpleBrokerMessageHandler [org.springframework.messaging.simp.broker.DefaultSubscriptionRegistry@48b2ce77]]
2025-10-27T15:45:08.323-06:00  INFO 41187 --- [Campus Chapter Organizer] [  restartedMain] o.s.m.s.b.SimpleBrokerMessageHandler     : Started.
2025-10-27T15:45:08.328-06:00  INFO 41187 --- [Campus Chapter Organizer] [  restartedMain] c.t.c.CampusChapterOrganizerApplication  : Started CampusChapterOrganizerApplication in 0.971 seconds (process running for 547.64)
Initializing comprehensive Turning Point USA chapter data for all 50 states...
Creating test user with roles and permissions...
Test user created successfully:
Username: testuser
Password: password123
Email: testuser@turningpoint.org
Role: TEST_USER with 6 permissions
Sample data initialization completed successfully!
Created 52 chapters, 832 members, and 250 events across all 50 states.
2025-10-27T15:45:08.421-06:00  INFO 41187 --- [Campus Chapter Organizer] [  restartedMain] .ConditionEvaluationDeltaLoggingListener : Condition evaluation unchanged
2025-10-27T15:45:26.675-06:00  INFO 41187 --- [Campus Chapter Organizer] [   File Watcher] rtingClassPathChangeChangedEventListener : Restarting due to 126 class path changes (0 additions, 0 deletions, 126 modifications)
2025-10-27T15:45:26.676-06:00  INFO 41187 --- [Campus Chapter Organizer] [       Thread-7] o.s.m.s.b.SimpleBrokerMessageHandler     : Stopping...
2025-10-27T15:45:26.676-06:00  INFO 41187 --- [Campus Chapter Organizer] [       Thread-7] o.s.m.s.b.SimpleBrokerMessageHandler     : BrokerAvailabilityEvent[available=false, SimpleBrokerMessageHandler [org.springframework.messaging.simp.broker.DefaultSubscriptionRegistry@48b2ce77]]
2025-10-27T15:45:26.676-06:00  INFO 41187 --- [Campus Chapter Organizer] [       Thread-7] o.s.m.s.b.SimpleBrokerMessageHandler     : Stopped.
2025-10-27T15:45:26.679-06:00  INFO 41187 --- [Campus Chapter Organizer] [       Thread-7] j.LocalContainerEntityManagerFactoryBean : Closing JPA EntityManagerFactory for persistence unit 'default'
2025-10-27T15:45:26.680-06:00  WARN 41187 --- [Campus Chapter Organizer] [       Thread-7] o.s.b.f.support.DisposableBeanAdapter    : Invocation of destroy method failed on bean with name 'inMemoryDatabaseShutdownExecutor': org.h2.jdbc.JdbcSQLNonTransientConnectionException: Database is already closed (to disable automatic closing at VM shutdown, add ";DB_CLOSE_ON_EXIT=FALSE" to the db URL) [90121-224]
2025-10-27T15:45:26.680-06:00  INFO 41187 --- [Campus Chapter Organizer] [       Thread-7] com.zaxxer.hikari.HikariDataSource       : HikariPool-2 - Shutdown initiated...
2025-10-27T15:45:26.681-06:00  INFO 41187 --- [Campus Chapter Organizer] [       Thread-7] com.zaxxer.hikari.HikariDataSource       : HikariPool-2 - Shutdown completed.

  .   ____          _            __ _ _
 /\\ / ___'_ __ _ _(_)_ __  __ _ \ \ \ \
( ( )\___ | '_ | '_| | '_ \/ _` | \ \ \ \
 \\/  ___)| |_)| | | | | || (_| |  ) ) ) )
  '  |____| .__|_| |_|_| |_\__, | / / / /
 =========|_|==============|___/=/_/_/_/

 :: Spring Boot ::                (v3.3.6)

2025-10-27T15:45:26.734-06:00  INFO 41187 --- [Campus Chapter Organizer] [  restartedMain] c.t.c.CampusChapterOrganizerApplication  : Starting CampusChapterOrganizerApplication using Java 25 with PID 41187 (/Users/benh/Documents/StartAChapter/target/classes started by benh in /Users/benh/Documents/StartAChapter)
2025-10-27T15:45:26.734-06:00 DEBUG 41187 --- [Campus Chapter Organizer] [  restartedMain] c.t.c.CampusChapterOrganizerApplication  : Running with Spring Boot v3.3.6, Spring v6.1.15
2025-10-27T15:45:26.734-06:00  INFO 41187 --- [Campus Chapter Organizer] [  restartedMain] c.t.c.CampusChapterOrganizerApplication  : No active profile set, falling back to 1 default profile: "default"
2025-10-27T15:45:26.829-06:00  INFO 41187 --- [Campus Chapter Organizer] [  restartedMain] .s.d.r.c.RepositoryConfigurationDelegate : Bootstrapping Spring Data JPA repositories in DEFAULT mode.
2025-10-27T15:45:26.840-06:00  INFO 41187 --- [Campus Chapter Organizer] [  restartedMain] .s.d.r.c.RepositoryConfigurationDelegate : Finished Spring Data repository scanning in 10 ms. Found 15 JPA repository interfaces.
2025-10-27T15:45:26.898-06:00  INFO 41187 --- [Campus Chapter Organizer] [  restartedMain] o.s.b.w.embedded.tomcat.TomcatWebServer  : Tomcat initialized with port 8080 (http)
2025-10-27T15:45:26.898-06:00  INFO 41187 --- [Campus Chapter Organizer] [  restartedMain] o.apache.catalina.core.StandardService   : Starting service [Tomcat]
2025-10-27T15:45:26.898-06:00  INFO 41187 --- [Campus Chapter Organizer] [  restartedMain] o.apache.catalina.core.StandardEngine    : Starting Servlet engine: [Apache Tomcat/10.1.33]
2025-10-27T15:45:26.901-06:00  INFO 41187 --- [Campus Chapter Organizer] [  restartedMain] o.a.c.c.C.[Tomcat].[localhost].[/]       : Initializing Spring embedded WebApplicationContext
2025-10-27T15:45:26.901-06:00  INFO 41187 --- [Campus Chapter Organizer] [  restartedMain] w.s.c.ServletWebServerApplicationContext : Root WebApplicationContext: initialization completed in 166 ms
2025-10-27T15:45:26.922-06:00  INFO 41187 --- [Campus Chapter Organizer] [  restartedMain] com.zaxxer.hikari.HikariDataSource       : HikariPool-3 - Starting...
2025-10-27T15:45:26.922-06:00  INFO 41187 --- [Campus Chapter Organizer] [  restartedMain] com.zaxxer.hikari.pool.HikariPool        : HikariPool-3 - Added connection conn20: url=jdbc:h2:mem:chapterdb user=SA
2025-10-27T15:45:26.923-06:00  INFO 41187 --- [Campus Chapter Organizer] [  restartedMain] com.zaxxer.hikari.HikariDataSource       : HikariPool-3 - Start completed.
2025-10-27T15:45:26.923-06:00  INFO 41187 --- [Campus Chapter Organizer] [  restartedMain] o.s.b.a.h2.H2ConsoleAutoConfiguration    : H2 console available at '/h2-console'. Database available at 'jdbc:h2:mem:chapterdb'
2025-10-27T15:45:26.949-06:00  INFO 41187 --- [Campus Chapter Organizer] [  restartedMain] org.flywaydb.core.FlywayExecutor         : Database: jdbc:h2:mem:chapterdb (H2 2.2)
2025-10-27T15:45:26.949-06:00  WARN 41187 --- [Campus Chapter Organizer] [  restartedMain] o.f.c.internal.database.base.Database    : Flyway upgrade recommended: H2 2.2.224 is newer than this version of Flyway and support has not been tested. The latest supported version of H2 is 2.2.220.
2025-10-27T15:45:26.950-06:00  INFO 41187 --- [Campus Chapter Organizer] [  restartedMain] o.f.c.i.s.JdbcTableSchemaHistory         : Schema history table "PUBLIC"."flyway_schema_history" does not exist yet
2025-10-27T15:45:26.950-06:00  INFO 41187 --- [Campus Chapter Organizer] [  restartedMain] o.f.core.internal.command.DbValidate     : Successfully validated 4 migrations (execution time 00:00.000s)
2025-10-27T15:45:26.950-06:00  INFO 41187 --- [Campus Chapter Organizer] [  restartedMain] o.f.c.i.s.JdbcTableSchemaHistory         : Creating Schema History table "PUBLIC"."flyway_schema_history" ...
2025-10-27T15:45:26.951-06:00  INFO 41187 --- [Campus Chapter Organizer] [  restartedMain] o.f.core.internal.command.DbMigrate      : Current version of schema "PUBLIC": << Empty Schema >>
2025-10-27T15:45:26.952-06:00  INFO 41187 --- [Campus Chapter Organizer] [  restartedMain] o.f.core.internal.command.DbMigrate      : Migrating schema "PUBLIC" to version "1 - Create initial tables"
2025-10-27T15:45:26.955-06:00  INFO 41187 --- [Campus Chapter Organizer] [  restartedMain] o.f.core.internal.command.DbMigrate      : Migrating schema "PUBLIC" to version "2 - Add institutions table"
2025-10-27T15:45:26.957-06:00  INFO 41187 --- [Campus Chapter Organizer] [  restartedMain] o.f.core.internal.command.DbMigrate      : Migrating schema "PUBLIC" to version "3 - Migrate existing chapters to institutions"
2025-10-27T15:45:26.958-06:00  INFO 41187 --- [Campus Chapter Organizer] [  restartedMain] o.f.core.internal.command.DbMigrate      : Migrating schema "PUBLIC" to version "4 - Create audit logs table"
2025-10-27T15:45:26.958-06:00  INFO 41187 --- [Campus Chapter Organizer] [  restartedMain] o.f.core.internal.command.DbMigrate      : Successfully applied 4 migrations to schema "PUBLIC", now at version v4 (execution time 00:00.002s)
2025-10-27T15:45:26.970-06:00  INFO 41187 --- [Campus Chapter Organizer] [  restartedMain] o.hibernate.jpa.internal.util.LogHelper  : HHH000204: Processing PersistenceUnitInfo [name: default]
2025-10-27T15:45:26.971-06:00  INFO 41187 --- [Campus Chapter Organizer] [  restartedMain] o.h.c.internal.RegionFactoryInitiator    : HHH000026: Second-level cache disabled
2025-10-27T15:45:26.973-06:00  INFO 41187 --- [Campus Chapter Organizer] [  restartedMain] o.s.o.j.p.SpringPersistenceUnitInfo      : No LoadTimeWeaver setup: ignoring JPA class transformer
2025-10-27T15:45:26.973-06:00  WARN 41187 --- [Campus Chapter Organizer] [  restartedMain] org.hibernate.orm.deprecation            : HHH90000025: H2Dialect does not need to be specified explicitly using 'hibernate.dialect' (remove the property setting and it will be selected by default)
2025-10-27T15:45:27.059-06:00  INFO 41187 --- [Campus Chapter Organizer] [  restartedMain] o.h.e.t.j.p.i.JtaPlatformInitiator       : HHH000489: No JTA platform available (set 'hibernate.transaction.jta.platform' to enable JTA platform integration)
2025-10-27T15:45:27.065-06:00  INFO 41187 --- [Campus Chapter Organizer] [  restartedMain] j.LocalContainerEntityManagerFactoryBean : Initialized JPA EntityManagerFactory for persistence unit 'default'
2025-10-27T15:45:27.265-06:00  WARN 41187 --- [Campus Chapter Organizer] [  restartedMain] JpaBaseConfiguration$JpaWebConfiguration : spring.jpa.open-in-view is enabled by default. Therefore, database queries may be performed during view rendering. Explicitly configure spring.jpa.open-in-view to disable this warning
2025-10-27T15:45:27.273-06:00  WARN 41187 --- [Campus Chapter Organizer] [  restartedMain] .s.s.UserDetailsServiceAutoConfiguration : 

Using generated security password: 8cae30ac-7024-42c0-a791-16b825c450ac

This generated password is for development use only. Your security configuration must be updated before running your application in production.

2025-10-27T15:45:27.274-06:00  INFO 41187 --- [Campus Chapter Organizer] [  restartedMain] r$InitializeUserDetailsManagerConfigurer : Global AuthenticationManager configured with UserDetailsService bean with name inMemoryUserDetailsManager
2025-10-27T15:45:27.286-06:00  INFO 41187 --- [Campus Chapter Organizer] [  restartedMain] o.s.b.a.w.s.WelcomePageHandlerMapping    : Adding welcome page: class path resource [static/index.html]
2025-10-27T15:45:27.332-06:00  INFO 41187 --- [Campus Chapter Organizer] [  restartedMain] o.s.b.a.e.web.EndpointLinksResolver      : Exposing 1 endpoint beneath base path '/actuator'
2025-10-27T15:45:27.380-06:00  WARN 41187 --- [Campus Chapter Organizer] [  restartedMain] ion$DefaultTemplateResolverConfiguration : Cannot find template location: classpath:/templates/ (please add some templates, check your Thymeleaf configuration, or set spring.thymeleaf.check-template-location=false)
2025-10-27T15:45:27.442-06:00  INFO 41187 --- [Campus Chapter Organizer] [  restartedMain] o.s.b.d.a.OptionalLiveReloadServer       : LiveReload server is running on port 35729
2025-10-27T15:45:27.450-06:00  INFO 41187 --- [Campus Chapter Organizer] [  restartedMain] o.s.b.w.embedded.tomcat.TomcatWebServer  : Tomcat started on port 8080 (http) with context path '/'
2025-10-27T15:45:27.450-06:00  INFO 41187 --- [Campus Chapter Organizer] [  restartedMain] o.s.m.s.b.SimpleBrokerMessageHandler     : Starting...
2025-10-27T15:45:27.450-06:00  INFO 41187 --- [Campus Chapter Organizer] [  restartedMain] o.s.m.s.b.SimpleBrokerMessageHandler     : BrokerAvailabilityEvent[available=true, SimpleBrokerMessageHandler [org.springframework.messaging.simp.broker.DefaultSubscriptionRegistry@2e940f35]]
2025-10-27T15:45:27.450-06:00  INFO 41187 --- [Campus Chapter Organizer] [  restartedMain] o.s.m.s.b.SimpleBrokerMessageHandler     : Started.
2025-10-27T15:45:27.454-06:00  INFO 41187 --- [Campus Chapter Organizer] [  restartedMain] c.t.c.CampusChapterOrganizerApplication  : Started CampusChapterOrganizerApplication in 0.726 seconds (process running for 566.765)
Initializing comprehensive Turning Point USA chapter data for all 50 states...
Creating test user with roles and permissions...
Test user created successfully:
Username: testuser
Password: password123
Email: testuser@turningpoint.org
Role: TEST_USER with 6 permissions
Sample data initialization completed successfully!
Created 52 chapters, 813 members, and 226 events across all 50 states.
2025-10-27T15:45:27.512-06:00  INFO 41187 --- [Campus Chapter Organizer] [  restartedMain] .ConditionEvaluationDeltaLoggingListener : Condition evaluation unchanged
2025-10-27T15:46:27.449-06:00  INFO 41187 --- [Campus Chapter Organizer] [MessageBroker-1] o.s.w.s.c.WebSocketMessageBrokerStats    : WebSocketSession[0 current WS(0)-HttpStream(0)-HttpPoll(0), 0 total, 0 closed abnormally (0 connect failure, 0 send limit, 0 transport error)], stompSubProtocol[processed CONNECT(0)-CONNECTED(0)-DISCONNECT(0)], stompBrokerRelay[null], inboundChannel[pool size = 0, active threads = 0, queued tasks = 0, completed tasks = 0], outboundChannel[pool size = 0, active threads = 0, queued tasks = 0, completed tasks = 0], sockJsScheduler[pool size = 1, active threads = 1, queued tasks = 0, completed tasks = 0]
2025-10-27T15:47:29.462-06:00  INFO 41187 --- [Campus Chapter Organizer] [nio-8080-exec-1] o.a.c.c.C.[Tomcat].[localhost].[/]       : Initializing Spring DispatcherServlet 'dispatcherServlet'
2025-10-27T15:47:29.465-06:00  INFO 41187 --- [Campus Chapter Organizer] [nio-8080-exec-1] o.s.web.servlet.DispatcherServlet        : Initializing Servlet 'dispatcherServlet'
2025-10-27T15:47:29.467-06:00  INFO 41187 --- [Campus Chapter Organizer] [nio-8080-exec-1] o.s.web.servlet.DispatcherServlet        : Completed initialization in 2 ms
DEBUG: BlogController.createBlog called
DEBUG: Blog title: Final Test - ID 813
DEBUG: Blog author: 813
DEBUG: createBlog method called
DEBUG: Looking for member with ID: 813
DEBUG: Found member: Test User
DEBUG: Blog saved with ID: 1
EXCEPTION CAUGHT: NoResourceFoundException - No static resource blog/create.
org.springframework.web.servlet.resource.NoResourceFoundException: No static resource blog/create.
	at org.springframework.web.servlet.resource.ResourceHttpRequestHandler.handleRequest(ResourceHttpRequestHandler.java:586)
	at org.springframework.web.servlet.mvc.HttpRequestHandlerAdapter.handle(HttpRequestHandlerAdapter.java:52)
	at org.springframework.web.servlet.DispatcherServlet.doDispatch(DispatcherServlet.java:1089)
	at org.springframework.web.servlet.DispatcherServlet.doService(DispatcherServlet.java:979)
	at org.springframework.web.servlet.FrameworkServlet.processRequest(FrameworkServlet.java:1014)
	at org.springframework.web.servlet.FrameworkServlet.doGet(FrameworkServlet.java:903)
	at jakarta.servlet.http.HttpServlet.service(HttpServlet.java:564)
	at org.springframework.web.servlet.FrameworkServlet.service(FrameworkServlet.java:885)
	at jakarta.servlet.http.HttpServlet.service(HttpServlet.java:658)
	at org.apache.catalina.core.ApplicationFilterChain.internalDoFilter(ApplicationFilterChain.java:195)
	at org.apache.catalina.core.ApplicationFilterChain.doFilter(ApplicationFilterChain.java:140)
	at org.apache.tomcat.websocket.server.WsFilter.doFilter(WsFilter.java:51)
	at org.apache.catalina.core.ApplicationFilterChain.internalDoFilter(ApplicationFilterChain.java:164)
	at org.apache.catalina.core.ApplicationFilterChain.doFilter(ApplicationFilterChain.java:140)
	at org.springframework.web.filter.CompositeFilter$VirtualFilterChain.doFilter(CompositeFilter.java:108)
	at org.springframework.security.web.FilterChainProxy.lambda$doFilterInternal$3(FilterChainProxy.java:231)
	at org.springframework.security.web.ObservationFilterChainDecorator$FilterObservation$SimpleFilterObservation.lambda$wrap$1(ObservationFilterChainDecorator.java:479)
	at org.springframework.security.web.ObservationFilterChainDecorator$AroundFilterObservation$SimpleAroundFilterObservation.lambda$wrap$1(ObservationFilterChainDecorator.java:340)
	at org.springframework.security.web.ObservationFilterChainDecorator.lambda$wrapSecured$0(ObservationFilterChainDecorator.java:82)
	at org.springframework.security.web.ObservationFilterChainDecorator$VirtualFilterChain.doFilter(ObservationFilterChainDecorator.java:128)
	at org.springframework.security.web.access.intercept.AuthorizationFilter.doFilter(AuthorizationFilter.java:100)
	at org.springframework.security.web.ObservationFilterChainDecorator$ObservationFilter.wrapFilter(ObservationFilterChainDecorator.java:240)
	at org.springframework.security.web.ObservationFilterChainDecorator$ObservationFilter.doFilter(ObservationFilterChainDecorator.java:227)
	at org.springframework.security.web.ObservationFilterChainDecorator$VirtualFilterChain.doFilter(ObservationFilterChainDecorator.java:137)
	at org.springframework.security.web.access.ExceptionTranslationFilter.doFilter(ExceptionTranslationFilter.java:126)
	at org.springframework.security.web.access.ExceptionTranslationFilter.doFilter(ExceptionTranslationFilter.java:120)
	at org.springframework.security.web.ObservationFilterChainDecorator$ObservationFilter.wrapFilter(ObservationFilterChainDecorator.java:240)
	at org.springframework.security.web.ObservationFilterChainDecorator$ObservationFilter.doFilter(ObservationFilterChainDecorator.java:227)
	at org.springframework.security.web.ObservationFilterChainDecorator$VirtualFilterChain.doFilter(ObservationFilterChainDecorator.java:137)
	at org.springframework.security.web.session.SessionManagementFilter.doFilter(SessionManagementFilter.java:131)
	at org.springframework.security.web.session.SessionManagementFilter.doFilter(SessionManagementFilter.java:85)
	at org.springframework.security.web.ObservationFilterChainDecorator$ObservationFilter.wrapFilter(ObservationFilterChainDecorator.java:240)
	at org.springframework.security.web.ObservationFilterChainDecorator$ObservationFilter.doFilter(ObservationFilterChainDecorator.java:227)
	at org.springframework.security.web.ObservationFilterChainDecorator$VirtualFilterChain.doFilter(ObservationFilterChainDecorator.java:137)
	at org.springframework.security.web.authentication.AnonymousAuthenticationFilter.doFilter(AnonymousAuthenticationFilter.java:100)
	at org.springframework.security.web.ObservationFilterChainDecorator$ObservationFilter.wrapFilter(ObservationFilterChainDecorator.java:240)
	at org.springframework.security.web.ObservationFilterChainDecorator$ObservationFilter.doFilter(ObservationFilterChainDecorator.java:227)
	at org.springframework.security.web.ObservationFilterChainDecorator$VirtualFilterChain.doFilter(ObservationFilterChainDecorator.java:137)
	at org.springframework.security.web.servletapi.SecurityContextHolderAwareRequestFilter.doFilter(SecurityContextHolderAwareRequestFilter.java:179)
	at org.springframework.security.web.ObservationFilterChainDecorator$ObservationFilter.wrapFilter(ObservationFilterChainDecorator.java:240)
	at org.springframework.security.web.ObservationFilterChainDecorator$ObservationFilter.doFilter(ObservationFilterChainDecorator.java:227)
	at org.springframework.security.web.ObservationFilterChainDecorator$VirtualFilterChain.doFilter(ObservationFilterChainDecorator.java:137)
	at org.springframework.security.web.savedrequest.RequestCacheAwareFilter.doFilter(RequestCacheAwareFilter.java:63)
	at org.springframework.security.web.ObservationFilterChainDecorator$ObservationFilter.wrapFilter(ObservationFilterChainDecorator.java:240)
	at org.springframework.security.web.ObservationFilterChainDecorator$ObservationFilter.doFilter(ObservationFilterChainDecorator.java:227)
	at org.springframework.security.web.ObservationFilterChainDecorator$VirtualFilterChain.doFilter(ObservationFilterChainDecorator.java:137)
	at org.springframework.security.web.authentication.logout.LogoutFilter.doFilter(LogoutFilter.java:107)
	at org.springframework.security.web.authentication.logout.LogoutFilter.doFilter(LogoutFilter.java:93)
	at org.springframework.security.web.ObservationFilterChainDecorator$ObservationFilter.wrapFilter(ObservationFilterChainDecorator.java:240)
	at org.springframework.security.web.ObservationFilterChainDecorator$ObservationFilter.doFilter(ObservationFilterChainDecorator.java:227)
	at org.springframework.security.web.ObservationFilterChainDecorator$VirtualFilterChain.doFilter(ObservationFilterChainDecorator.java:137)
	at org.springframework.web.filter.CorsFilter.doFilterInternal(CorsFilter.java:91)
	at org.springframework.web.filter.OncePerRequestFilter.doFilter(OncePerRequestFilter.java:116)
	at org.springframework.security.web.ObservationFilterChainDecorator$ObservationFilter.wrapFilter(ObservationFilterChainDecorator.java:240)
	at org.springframework.security.web.ObservationFilterChainDecorator$ObservationFilter.doFilter(ObservationFilterChainDecorator.java:227)
	at org.springframework.security.web.ObservationFilterChainDecorator$VirtualFilterChain.doFilter(ObservationFilterChainDecorator.java:137)
	at org.springframework.security.web.header.HeaderWriterFilter.doHeadersAfter(HeaderWriterFilter.java:90)
	at org.springframework.security.web.header.HeaderWriterFilter.doFilterInternal(HeaderWriterFilter.java:75)
	at org.springframework.web.filter.OncePerRequestFilter.doFilter(OncePerRequestFilter.java:116)
	at org.springframework.security.web.ObservationFilterChainDecorator$ObservationFilter.wrapFilter(ObservationFilterChainDecorator.java:240)
	at org.springframework.security.web.ObservationFilterChainDecorator$ObservationFilter.doFilter(ObservationFilterChainDecorator.java:227)
	at org.springframework.security.web.ObservationFilterChainDecorator$VirtualFilterChain.doFilter(ObservationFilterChainDecorator.java:137)
	at org.springframework.security.web.context.SecurityContextHolderFilter.doFilter(SecurityContextHolderFilter.java:82)
	at org.springframework.security.web.context.SecurityContextHolderFilter.doFilter(SecurityContextHolderFilter.java:69)
	at org.springframework.security.web.ObservationFilterChainDecorator$ObservationFilter.wrapFilter(ObservationFilterChainDecorator.java:240)
	at org.springframework.security.web.ObservationFilterChainDecorator$ObservationFilter.doFilter(ObservationFilterChainDecorator.java:227)
	at org.springframework.security.web.ObservationFilterChainDecorator$VirtualFilterChain.doFilter(ObservationFilterChainDecorator.java:137)
	at org.springframework.security.web.context.request.async.WebAsyncManagerIntegrationFilter.doFilterInternal(WebAsyncManagerIntegrationFilter.java:62)
	at org.springframework.web.filter.OncePerRequestFilter.doFilter(OncePerRequestFilter.java:116)
	at org.springframework.security.web.ObservationFilterChainDecorator$ObservationFilter.wrapFilter(ObservationFilterChainDecorator.java:240)
	at org.springframework.security.web.ObservationFilterChainDecorator$ObservationFilter.doFilter(ObservationFilterChainDecorator.java:227)
	at org.springframework.security.web.ObservationFilterChainDecorator$VirtualFilterChain.doFilter(ObservationFilterChainDecorator.java:137)
	at org.springframework.security.web.session.DisableEncodeUrlFilter.doFilterInternal(DisableEncodeUrlFilter.java:42)
	at org.springframework.web.filter.OncePerRequestFilter.doFilter(OncePerRequestFilter.java:116)
	at org.springframework.security.web.ObservationFilterChainDecorator$ObservationFilter.wrapFilter(ObservationFilterChainDecorator.java:240)
	at org.springframework.security.web.ObservationFilterChainDecorator$AroundFilterObservation$SimpleAroundFilterObservation.lambda$wrap$0(ObservationFilterChainDecorator.java:323)
	at org.springframework.security.web.ObservationFilterChainDecorator$ObservationFilter.doFilter(ObservationFilterChainDecorator.java:224)
	at org.springframework.security.web.ObservationFilterChainDecorator$VirtualFilterChain.doFilter(ObservationFilterChainDecorator.java:137)
	at org.springframework.security.web.FilterChainProxy.doFilterInternal(FilterChainProxy.java:233)
	at org.springframework.security.web.FilterChainProxy.doFilter(FilterChainProxy.java:191)
	at org.springframework.web.filter.CompositeFilter$VirtualFilterChain.doFilter(CompositeFilter.java:113)
	at org.springframework.web.servlet.handler.HandlerMappingIntrospector.lambda$createCacheFilter$3(HandlerMappingIntrospector.java:195)
	at org.springframework.web.filter.CompositeFilter$VirtualFilterChain.doFilter(CompositeFilter.java:113)
	at org.springframework.web.filter.CompositeFilter.doFilter(CompositeFilter.java:74)
	at org.springframework.security.config.annotation.web.configuration.WebMvcSecurityConfiguration$CompositeFilterChainProxy.doFilter(WebMvcSecurityConfiguration.java:230)
	at org.springframework.web.filter.DelegatingFilterProxy.invokeDelegate(DelegatingFilterProxy.java:362)
	at org.springframework.web.filter.DelegatingFilterProxy.doFilter(DelegatingFilterProxy.java:278)
	at org.apache.catalina.core.ApplicationFilterChain.internalDoFilter(ApplicationFilterChain.java:164)
	at org.apache.catalina.core.ApplicationFilterChain.doFilter(ApplicationFilterChain.java:140)
	at org.springframework.web.filter.RequestContextFilter.doFilterInternal(RequestContextFilter.java:100)
	at org.springframework.web.filter.OncePerRequestFilter.doFilter(OncePerRequestFilter.java:116)
	at org.apache.catalina.core.ApplicationFilterChain.internalDoFilter(ApplicationFilterChain.java:164)
	at org.apache.catalina.core.ApplicationFilterChain.doFilter(ApplicationFilterChain.java:140)
	at org.springframework.web.filter.FormContentFilter.doFilterInternal(FormContentFilter.java:93)
	at org.springframework.web.filter.OncePerRequestFilter.doFilter(OncePerRequestFilter.java:116)
	at org.apache.catalina.core.ApplicationFilterChain.internalDoFilter(ApplicationFilterChain.java:164)
	at org.apache.catalina.core.ApplicationFilterChain.doFilter(ApplicationFilterChain.java:140)
	at org.springframework.web.filter.ServerHttpObservationFilter.doFilterInternal(ServerHttpObservationFilter.java:113)
	at org.springframework.web.filter.OncePerRequestFilter.doFilter(OncePerRequestFilter.java:116)
	at org.apache.catalina.core.ApplicationFilterChain.internalDoFilter(ApplicationFilterChain.java:164)
	at org.apache.catalina.core.ApplicationFilterChain.doFilter(ApplicationFilterChain.java:140)
	at org.springframework.web.filter.CharacterEncodingFilter.doFilterInternal(CharacterEncodingFilter.java:201)
	at org.springframework.web.filter.OncePerRequestFilter.doFilter(OncePerRequestFilter.java:116)
	at org.apache.catalina.core.ApplicationFilterChain.internalDoFilter(ApplicationFilterChain.java:164)
	at org.apache.catalina.core.ApplicationFilterChain.doFilter(ApplicationFilterChain.java:140)
	at org.apache.catalina.core.StandardWrapperValve.invoke(StandardWrapperValve.java:167)
	at org.apache.catalina.core.StandardContextValve.invoke(StandardContextValve.java:90)
	at org.apache.catalina.authenticator.AuthenticatorBase.invoke(AuthenticatorBase.java:483)
	at org.apache.catalina.core.StandardHostValve.invoke(StandardHostValve.java:115)
	at org.apache.catalina.valves.ErrorReportValve.invoke(ErrorReportValve.java:93)
	at org.apache.catalina.core.StandardEngineValve.invoke(StandardEngineValve.java:74)
	at org.apache.catalina.connector.CoyoteAdapter.service(CoyoteAdapter.java:344)
	at org.apache.coyote.http11.Http11Processor.service(Http11Processor.java:397)
	at org.apache.coyote.AbstractProcessorLight.process(AbstractProcessorLight.java:63)
	at org.apache.coyote.AbstractProtocol$ConnectionHandler.process(AbstractProtocol.java:905)
	at org.apache.tomcat.util.net.NioEndpoint$SocketProcessor.doRun(NioEndpoint.java:1741)
	at org.apache.tomcat.util.net.SocketProcessorBase.run(SocketProcessorBase.java:52)
	at org.apache.tomcat.util.threads.ThreadPoolExecutor.runWorker(ThreadPoolExecutor.java:1190)
	at org.apache.tomcat.util.threads.ThreadPoolExecutor$Worker.run(ThreadPoolExecutor.java:659)
	at org.apache.tomcat.util.threads.TaskThread$WrappingRunnable.run(TaskThread.java:63)
	at java.base/java.lang.Thread.run(Thread.java:1474)
2025-10-27T15:50:04.709-06:00  WARN 41187 --- [Campus Chapter Organizer] [nio-8080-exec-6] .m.m.a.ExceptionHandlerExceptionResolver : Resolved [org.springframework.web.servlet.resource.NoResourceFoundException: No static resource blog/create.]
EXCEPTION CAUGHT: NoResourceFoundException - No static resource blog.
org.springframework.web.servlet.resource.NoResourceFoundException: No static resource blog.
	at org.springframework.web.servlet.resource.ResourceHttpRequestHandler.handleRequest(ResourceHttpRequestHandler.java:586)
	at org.springframework.web.servlet.mvc.HttpRequestHandlerAdapter.handle(HttpRequestHandlerAdapter.java:52)
	at org.springframework.web.servlet.DispatcherServlet.doDispatch(DispatcherServlet.java:1089)
	at org.springframework.web.servlet.DispatcherServlet.doService(DispatcherServlet.java:979)
	at org.springframework.web.servlet.FrameworkServlet.processRequest(FrameworkServlet.java:1014)
	at org.springframework.web.servlet.FrameworkServlet.doGet(FrameworkServlet.java:903)
	at jakarta.servlet.http.HttpServlet.service(HttpServlet.java:564)
	at org.springframework.web.servlet.FrameworkServlet.service(FrameworkServlet.java:885)
	at jakarta.servlet.http.HttpServlet.service(HttpServlet.java:658)
	at org.apache.catalina.core.ApplicationFilterChain.internalDoFilter(ApplicationFilterChain.java:195)
	at org.apache.catalina.core.ApplicationFilterChain.doFilter(ApplicationFilterChain.java:140)
	at org.apache.tomcat.websocket.server.WsFilter.doFilter(WsFilter.java:51)
	at org.apache.catalina.core.ApplicationFilterChain.internalDoFilter(ApplicationFilterChain.java:164)
	at org.apache.catalina.core.ApplicationFilterChain.doFilter(ApplicationFilterChain.java:140)
	at org.springframework.web.filter.CompositeFilter$VirtualFilterChain.doFilter(CompositeFilter.java:108)
	at org.springframework.security.web.FilterChainProxy.lambda$doFilterInternal$3(FilterChainProxy.java:231)
	at org.springframework.security.web.ObservationFilterChainDecorator$FilterObservation$SimpleFilterObservation.lambda$wrap$1(ObservationFilterChainDecorator.java:479)
	at org.springframework.security.web.ObservationFilterChainDecorator$AroundFilterObservation$SimpleAroundFilterObservation.lambda$wrap$1(ObservationFilterChainDecorator.java:340)
	at org.springframework.security.web.ObservationFilterChainDecorator.lambda$wrapSecured$0(ObservationFilterChainDecorator.java:82)
	at org.springframework.security.web.ObservationFilterChainDecorator$VirtualFilterChain.doFilter(ObservationFilterChainDecorator.java:128)
	at org.springframework.security.web.access.intercept.AuthorizationFilter.doFilter(AuthorizationFilter.java:100)
	at org.springframework.security.web.ObservationFilterChainDecorator$ObservationFilter.wrapFilter(ObservationFilterChainDecorator.java:240)
	at org.springframework.security.web.ObservationFilterChainDecorator$ObservationFilter.doFilter(ObservationFilterChainDecorator.java:227)
	at org.springframework.security.web.ObservationFilterChainDecorator$VirtualFilterChain.doFilter(ObservationFilterChainDecorator.java:137)
	at org.springframework.security.web.access.ExceptionTranslationFilter.doFilter(ExceptionTranslationFilter.java:126)
	at org.springframework.security.web.access.ExceptionTranslationFilter.doFilter(ExceptionTranslationFilter.java:120)
	at org.springframework.security.web.ObservationFilterChainDecorator$ObservationFilter.wrapFilter(ObservationFilterChainDecorator.java:240)
	at org.springframework.security.web.ObservationFilterChainDecorator$ObservationFilter.doFilter(ObservationFilterChainDecorator.java:227)
	at org.springframework.security.web.ObservationFilterChainDecorator$VirtualFilterChain.doFilter(ObservationFilterChainDecorator.java:137)
	at org.springframework.security.web.session.SessionManagementFilter.doFilter(SessionManagementFilter.java:131)
	at org.springframework.security.web.session.SessionManagementFilter.doFilter(SessionManagementFilter.java:85)
	at org.springframework.security.web.ObservationFilterChainDecorator$ObservationFilter.wrapFilter(ObservationFilterChainDecorator.java:240)
	at org.springframework.security.web.ObservationFilterChainDecorator$ObservationFilter.doFilter(ObservationFilterChainDecorator.java:227)
	at org.springframework.security.web.ObservationFilterChainDecorator$VirtualFilterChain.doFilter(ObservationFilterChainDecorator.java:137)
	at org.springframework.security.web.authentication.AnonymousAuthenticationFilter.doFilter(AnonymousAuthenticationFilter.java:100)
	at org.springframework.security.web.ObservationFilterChainDecorator$ObservationFilter.wrapFilter(ObservationFilterChainDecorator.java:240)
	at org.springframework.security.web.ObservationFilterChainDecorator$ObservationFilter.doFilter(ObservationFilterChainDecorator.java:227)
	at org.springframework.security.web.ObservationFilterChainDecorator$VirtualFilterChain.doFilter(ObservationFilterChainDecorator.java:137)
	at org.springframework.security.web.servletapi.SecurityContextHolderAwareRequestFilter.doFilter(SecurityContextHolderAwareRequestFilter.java:179)
	at org.springframework.security.web.ObservationFilterChainDecorator$ObservationFilter.wrapFilter(ObservationFilterChainDecorator.java:240)
	at org.springframework.security.web.ObservationFilterChainDecorator$ObservationFilter.doFilter(ObservationFilterChainDecorator.java:227)
	at org.springframework.security.web.ObservationFilterChainDecorator$VirtualFilterChain.doFilter(ObservationFilterChainDecorator.java:137)
	at org.springframework.security.web.savedrequest.RequestCacheAwareFilter.doFilter(RequestCacheAwareFilter.java:63)
	at org.springframework.security.web.ObservationFilterChainDecorator$ObservationFilter.wrapFilter(ObservationFilterChainDecorator.java:240)
	at org.springframework.security.web.ObservationFilterChainDecorator$ObservationFilter.doFilter(ObservationFilterChainDecorator.java:227)
	at org.springframework.security.web.ObservationFilterChainDecorator$VirtualFilterChain.doFilter(ObservationFilterChainDecorator.java:137)
	at org.springframework.security.web.authentication.logout.LogoutFilter.doFilter(LogoutFilter.java:107)
	at org.springframework.security.web.authentication.logout.LogoutFilter.doFilter(LogoutFilter.java:93)
	at org.springframework.security.web.ObservationFilterChainDecorator$ObservationFilter.wrapFilter(ObservationFilterChainDecorator.java:240)
	at org.springframework.security.web.ObservationFilterChainDecorator$ObservationFilter.doFilter(ObservationFilterChainDecorator.java:227)
	at org.springframework.security.web.ObservationFilterChainDecorator$VirtualFilterChain.doFilter(ObservationFilterChainDecorator.java:137)
	at org.springframework.web.filter.CorsFilter.doFilterInternal(CorsFilter.java:91)
	at org.springframework.web.filter.OncePerRequestFilter.doFilter(OncePerRequestFilter.java:116)
	at org.springframework.security.web.ObservationFilterChainDecorator$ObservationFilter.wrapFilter(ObservationFilterChainDecorator.java:240)
	at org.springframework.security.web.ObservationFilterChainDecorator$ObservationFilter.doFilter(ObservationFilterChainDecorator.java:227)
	at org.springframework.security.web.ObservationFilterChainDecorator$VirtualFilterChain.doFilter(ObservationFilterChainDecorator.java:137)
	at org.springframework.security.web.header.HeaderWriterFilter.doHeadersAfter(HeaderWriterFilter.java:90)
	at org.springframework.security.web.header.HeaderWriterFilter.doFilterInternal(HeaderWriterFilter.java:75)
	at org.springframework.web.filter.OncePerRequestFilter.doFilter(OncePerRequestFilter.java:116)
	at org.springframework.security.web.ObservationFilterChainDecorator$ObservationFilter.wrapFilter(ObservationFilterChainDecorator.java:240)
	at org.springframework.security.web.ObservationFilterChainDecorator$ObservationFilter.doFilter(ObservationFilterChainDecorator.java:227)
	at org.springframework.security.web.ObservationFilterChainDecorator$VirtualFilterChain.doFilter(ObservationFilterChainDecorator.java:137)
	at org.springframework.security.web.context.SecurityContextHolderFilter.doFilter(SecurityContextHolderFilter.java:82)
	at org.springframework.security.web.context.SecurityContextHolderFilter.doFilter(SecurityContextHolderFilter.java:69)
	at org.springframework.security.web.ObservationFilterChainDecorator$ObservationFilter.wrapFilter(ObservationFilterChainDecorator.java:240)
	at org.springframework.security.web.ObservationFilterChainDecorator$ObservationFilter.doFilter(ObservationFilterChainDecorator.java:227)
	at org.springframework.security.web.ObservationFilterChainDecorator$VirtualFilterChain.doFilter(ObservationFilterChainDecorator.java:137)
	at org.springframework.security.web.context.request.async.WebAsyncManagerIntegrationFilter.doFilterInternal(WebAsyncManagerIntegrationFilter.java:62)
	at org.springframework.web.filter.OncePerRequestFilter.doFilter(OncePerRequestFilter.java:116)
	at org.springframework.security.web.ObservationFilterChainDecorator$ObservationFilter.wrapFilter(ObservationFilterChainDecorator.java:240)
	at org.springframework.security.web.ObservationFilterChainDecorator$ObservationFilter.doFilter(ObservationFilterChainDecorator.java:227)
	at org.springframework.security.web.ObservationFilterChainDecorator$VirtualFilterChain.doFilter(ObservationFilterChainDecorator.java:137)
	at org.springframework.security.web.session.DisableEncodeUrlFilter.doFilterInternal(DisableEncodeUrlFilter.java:42)
	at org.springframework.web.filter.OncePerRequestFilter.doFilter(OncePerRequestFilter.java:116)
	at org.springframework.security.web.ObservationFilterChainDecorator$ObservationFilter.wrapFilter(ObservationFilterChainDecorator.java:240)
	at org.springframework.security.web.ObservationFilterChainDecorator$AroundFilterObservation$SimpleAroundFilterObservation.lambda$wrap$0(ObservationFilterChainDecorator.java:323)
	at org.springframework.security.web.ObservationFilterChainDecorator$ObservationFilter.doFilter(ObservationFilterChainDecorator.java:224)
	at org.springframework.security.web.ObservationFilterChainDecorator$VirtualFilterChain.doFilter(ObservationFilterChainDecorator.java:137)
	at org.springframework.security.web.FilterChainProxy.doFilterInternal(FilterChainProxy.java:233)
	at org.springframework.security.web.FilterChainProxy.doFilter(FilterChainProxy.java:191)
	at org.springframework.web.filter.CompositeFilter$VirtualFilterChain.doFilter(CompositeFilter.java:113)
	at org.springframework.web.servlet.handler.HandlerMappingIntrospector.lambda$createCacheFilter$3(HandlerMappingIntrospector.java:195)
	at org.springframework.web.filter.CompositeFilter$VirtualFilterChain.doFilter(CompositeFilter.java:113)
	at org.springframework.web.filter.CompositeFilter.doFilter(CompositeFilter.java:74)
	at org.springframework.security.config.annotation.web.configuration.WebMvcSecurityConfiguration$CompositeFilterChainProxy.doFilter(WebMvcSecurityConfiguration.java:230)
	at org.springframework.web.filter.DelegatingFilterProxy.invokeDelegate(DelegatingFilterProxy.java:362)
	at org.springframework.web.filter.DelegatingFilterProxy.doFilter(DelegatingFilterProxy.java:278)
	at org.apache.catalina.core.ApplicationFilterChain.internalDoFilter(ApplicationFilterChain.java:164)
	at org.apache.catalina.core.ApplicationFilterChain.doFilter(ApplicationFilterChain.java:140)
	at org.springframework.web.filter.RequestContextFilter.doFilterInternal(RequestContextFilter.java:100)
	at org.springframework.web.filter.OncePerRequestFilter.doFilter(OncePerRequestFilter.java:116)
	at org.apache.catalina.core.ApplicationFilterChain.internalDoFilter(ApplicationFilterChain.java:164)
	at org.apache.catalina.core.ApplicationFilterChain.doFilter(ApplicationFilterChain.java:140)
	at org.springframework.web.filter.FormContentFilter.doFilterInternal(FormContentFilter.java:93)
	at org.springframework.web.filter.OncePerRequestFilter.doFilter(OncePerRequestFilter.java:116)
	at org.apache.catalina.core.ApplicationFilterChain.internalDoFilter(ApplicationFilterChain.java:164)
	at org.apache.catalina.core.ApplicationFilterChain.doFilter(ApplicationFilterChain.java:140)
	at org.springframework.web.filter.ServerHttpObservationFilter.doFilterInternal(ServerHttpObservationFilter.java:113)
	at org.springframework.web.filter.OncePerRequestFilter.doFilter(OncePerRequestFilter.java:116)
	at org.apache.catalina.core.ApplicationFilterChain.internalDoFilter(ApplicationFilterChain.java:164)
	at org.apache.catalina.core.ApplicationFilterChain.doFilter(ApplicationFilterChain.java:140)
	at org.springframework.web.filter.CharacterEncodingFilter.doFilterInternal(CharacterEncodingFilter.java:201)
	at org.springframework.web.filter.OncePerRequestFilter.doFilter(OncePerRequestFilter.java:116)
	at org.apache.catalina.core.ApplicationFilterChain.internalDoFilter(ApplicationFilterChain.java:164)
	at org.apache.catalina.core.ApplicationFilterChain.doFilter(ApplicationFilterChain.java:140)
	at org.apache.catalina.core.StandardWrapperValve.invoke(StandardWrapperValve.java:167)
	at org.apache.catalina.core.StandardContextValve.invoke(StandardContextValve.java:90)
	at org.apache.catalina.authenticator.AuthenticatorBase.invoke(AuthenticatorBase.java:483)
	at org.apache.catalina.core.StandardHostValve.invoke(StandardHostValve.java:115)
	at org.apache.catalina.valves.ErrorReportValve.invoke(ErrorReportValve.java:93)
	at org.apache.catalina.core.StandardEngineValve.invoke(StandardEngineValve.java:74)
	at org.apache.catalina.connector.CoyoteAdapter.service(CoyoteAdapter.java:344)
	at org.apache.coyote.http11.Http11Processor.service(Http11Processor.java:397)
	at org.apache.coyote.AbstractProcessorLight.process(AbstractProcessorLight.java:63)
	at org.apache.coyote.AbstractProtocol$ConnectionHandler.process(AbstractProtocol.java:905)
	at org.apache.tomcat.util.net.NioEndpoint$SocketProcessor.doRun(NioEndpoint.java:1741)
	at org.apache.tomcat.util.net.SocketProcessorBase.run(SocketProcessorBase.java:52)
	at org.apache.tomcat.util.threads.ThreadPoolExecutor.runWorker(ThreadPoolExecutor.java:1190)
	at org.apache.tomcat.util.threads.ThreadPoolExecutor$Worker.run(ThreadPoolExecutor.java:659)
	at org.apache.tomcat.util.threads.TaskThread$WrappingRunnable.run(TaskThread.java:63)
	at java.base/java.lang.Thread.run(Thread.java:1474)
2025-10-27T15:50:05.872-06:00  WARN 41187 --- [Campus Chapter Organizer] [nio-8080-exec-1] .m.m.a.ExceptionHandlerExceptionResolver : Resolved [org.springframework.web.servlet.resource.NoResourceFoundException: No static resource blog.]
2025-10-27T15:52:17.674-06:00  INFO 41187 --- [Campus Chapter Organizer] [   File Watcher] rtingClassPathChangeChangedEventListener : Restarting due to 1 class path change (0 additions, 0 deletions, 1 modification)
2025-10-27T15:52:17.675-06:00  INFO 41187 --- [Campus Chapter Organizer] [      Thread-12] o.s.m.s.b.SimpleBrokerMessageHandler     : Stopping...
2025-10-27T15:52:17.675-06:00  INFO 41187 --- [Campus Chapter Organizer] [      Thread-12] o.s.m.s.b.SimpleBrokerMessageHandler     : BrokerAvailabilityEvent[available=false, SimpleBrokerMessageHandler [org.springframework.messaging.simp.broker.DefaultSubscriptionRegistry@2e940f35]]
2025-10-27T15:52:17.675-06:00  INFO 41187 --- [Campus Chapter Organizer] [      Thread-12] o.s.m.s.b.SimpleBrokerMessageHandler     : Stopped.
2025-10-27T15:52:17.678-06:00  INFO 41187 --- [Campus Chapter Organizer] [      Thread-12] j.LocalContainerEntityManagerFactoryBean : Closing JPA EntityManagerFactory for persistence unit 'default'
2025-10-27T15:52:17.679-06:00  WARN 41187 --- [Campus Chapter Organizer] [      Thread-12] o.s.b.f.support.DisposableBeanAdapter    : Invocation of destroy method failed on bean with name 'inMemoryDatabaseShutdownExecutor': org.h2.jdbc.JdbcSQLNonTransientConnectionException: Database is already closed (to disable automatic closing at VM shutdown, add ";DB_CLOSE_ON_EXIT=FALSE" to the db URL) [90121-224]
2025-10-27T15:52:17.679-06:00  INFO 41187 --- [Campus Chapter Organizer] [      Thread-12] com.zaxxer.hikari.HikariDataSource       : HikariPool-3 - Shutdown initiated...
2025-10-27T15:52:17.680-06:00  INFO 41187 --- [Campus Chapter Organizer] [      Thread-12] com.zaxxer.hikari.HikariDataSource       : HikariPool-3 - Shutdown completed.

  .   ____          _            __ _ _
 /\\ / ___'_ __ _ _(_)_ __  __ _ \ \ \ \
( ( )\___ | '_ | '_| | '_ \/ _` | \ \ \ \
 \\/  ___)| |_)| | | | | || (_| |  ) ) ) )
  '  |____| .__|_| |_|_| |_\__, | / / / /
 =========|_|==============|___/=/_/_/_/

 :: Spring Boot ::                (v3.3.6)

2025-10-27T15:52:17.735-06:00  INFO 41187 --- [Campus Chapter Organizer] [  restartedMain] c.t.c.CampusChapterOrganizerApplication  : Starting CampusChapterOrganizerApplication using Java 25 with PID 41187 (/Users/benh/Documents/StartAChapter/target/classes started by benh in /Users/benh/Documents/StartAChapter)
2025-10-27T15:52:17.735-06:00 DEBUG 41187 --- [Campus Chapter Organizer] [  restartedMain] c.t.c.CampusChapterOrganizerApplication  : Running with Spring Boot v3.3.6, Spring v6.1.15
2025-10-27T15:52:17.735-06:00  INFO 41187 --- [Campus Chapter Organizer] [  restartedMain] c.t.c.CampusChapterOrganizerApplication  : No active profile set, falling back to 1 default profile: "default"
2025-10-27T15:52:17.880-06:00  INFO 41187 --- [Campus Chapter Organizer] [  restartedMain] .s.d.r.c.RepositoryConfigurationDelegate : Bootstrapping Spring Data JPA repositories in DEFAULT mode.
2025-10-27T15:52:17.892-06:00  INFO 41187 --- [Campus Chapter Organizer] [  restartedMain] .s.d.r.c.RepositoryConfigurationDelegate : Finished Spring Data repository scanning in 10 ms. Found 15 JPA repository interfaces.
2025-10-27T15:52:17.973-06:00  INFO 41187 --- [Campus Chapter Organizer] [  restartedMain] o.s.b.w.embedded.tomcat.TomcatWebServer  : Tomcat initialized with port 8080 (http)
2025-10-27T15:52:17.973-06:00  INFO 41187 --- [Campus Chapter Organizer] [  restartedMain] o.apache.catalina.core.StandardService   : Starting service [Tomcat]
2025-10-27T15:52:17.973-06:00  INFO 41187 --- [Campus Chapter Organizer] [  restartedMain] o.apache.catalina.core.StandardEngine    : Starting Servlet engine: [Apache Tomcat/10.1.33]
2025-10-27T15:52:17.978-06:00  INFO 41187 --- [Campus Chapter Organizer] [  restartedMain] o.a.c.c.C.[Tomcat].[localhost].[/]       : Initializing Spring embedded WebApplicationContext
2025-10-27T15:52:17.978-06:00  INFO 41187 --- [Campus Chapter Organizer] [  restartedMain] w.s.c.ServletWebServerApplicationContext : Root WebApplicationContext: initialization completed in 242 ms
2025-10-27T15:52:18.002-06:00  INFO 41187 --- [Campus Chapter Organizer] [  restartedMain] com.zaxxer.hikari.HikariDataSource       : HikariPool-4 - Starting...
2025-10-27T15:52:18.003-06:00  INFO 41187 --- [Campus Chapter Organizer] [  restartedMain] com.zaxxer.hikari.pool.HikariPool        : HikariPool-4 - Added connection conn30: url=jdbc:h2:mem:chapterdb user=SA
2025-10-27T15:52:18.003-06:00  INFO 41187 --- [Campus Chapter Organizer] [  restartedMain] com.zaxxer.hikari.HikariDataSource       : HikariPool-4 - Start completed.
2025-10-27T15:52:18.003-06:00  INFO 41187 --- [Campus Chapter Organizer] [  restartedMain] o.s.b.a.h2.H2ConsoleAutoConfiguration    : H2 console available at '/h2-console'. Database available at 'jdbc:h2:mem:chapterdb'
2025-10-27T15:52:18.034-06:00  INFO 41187 --- [Campus Chapter Organizer] [  restartedMain] org.flywaydb.core.FlywayExecutor         : Database: jdbc:h2:mem:chapterdb (H2 2.2)
2025-10-27T15:52:18.034-06:00  WARN 41187 --- [Campus Chapter Organizer] [  restartedMain] o.f.c.internal.database.base.Database    : Flyway upgrade recommended: H2 2.2.224 is newer than this version of Flyway and support has not been tested. The latest supported version of H2 is 2.2.220.
2025-10-27T15:52:18.035-06:00  INFO 41187 --- [Campus Chapter Organizer] [  restartedMain] o.f.c.i.s.JdbcTableSchemaHistory         : Schema history table "PUBLIC"."flyway_schema_history" does not exist yet
2025-10-27T15:52:18.035-06:00  INFO 41187 --- [Campus Chapter Organizer] [  restartedMain] o.f.core.internal.command.DbValidate     : Successfully validated 4 migrations (execution time 00:00.000s)
2025-10-27T15:52:18.035-06:00  INFO 41187 --- [Campus Chapter Organizer] [  restartedMain] o.f.c.i.s.JdbcTableSchemaHistory         : Creating Schema History table "PUBLIC"."flyway_schema_history" ...
2025-10-27T15:52:18.038-06:00  INFO 41187 --- [Campus Chapter Organizer] [  restartedMain] o.f.core.internal.command.DbMigrate      : Current version of schema "PUBLIC": << Empty Schema >>
2025-10-27T15:52:18.039-06:00  INFO 41187 --- [Campus Chapter Organizer] [  restartedMain] o.f.core.internal.command.DbMigrate      : Migrating schema "PUBLIC" to version "1 - Create initial tables"
2025-10-27T15:52:18.042-06:00  INFO 41187 --- [Campus Chapter Organizer] [  restartedMain] o.f.core.internal.command.DbMigrate      : Migrating schema "PUBLIC" to version "2 - Add institutions table"
2025-10-27T15:52:18.044-06:00  INFO 41187 --- [Campus Chapter Organizer] [  restartedMain] o.f.core.internal.command.DbMigrate      : Migrating schema "PUBLIC" to version "3 - Migrate existing chapters to institutions"
2025-10-27T15:52:18.045-06:00  INFO 41187 --- [Campus Chapter Organizer] [  restartedMain] o.f.core.internal.command.DbMigrate      : Migrating schema "PUBLIC" to version "4 - Create audit logs table"
2025-10-27T15:52:18.046-06:00  INFO 41187 --- [Campus Chapter Organizer] [  restartedMain] o.f.core.internal.command.DbMigrate      : Successfully applied 4 migrations to schema "PUBLIC", now at version v4 (execution time 00:00.002s)
2025-10-27T15:52:18.059-06:00  INFO 41187 --- [Campus Chapter Organizer] [  restartedMain] o.hibernate.jpa.internal.util.LogHelper  : HHH000204: Processing PersistenceUnitInfo [name: default]
2025-10-27T15:52:18.060-06:00  INFO 41187 --- [Campus Chapter Organizer] [  restartedMain] o.h.c.internal.RegionFactoryInitiator    : HHH000026: Second-level cache disabled
2025-10-27T15:52:18.066-06:00  INFO 41187 --- [Campus Chapter Organizer] [  restartedMain] o.s.o.j.p.SpringPersistenceUnitInfo      : No LoadTimeWeaver setup: ignoring JPA class transformer
2025-10-27T15:52:18.067-06:00  WARN 41187 --- [Campus Chapter Organizer] [  restartedMain] org.hibernate.orm.deprecation            : HHH90000025: H2Dialect does not need to be specified explicitly using 'hibernate.dialect' (remove the property setting and it will be selected by default)
2025-10-27T15:52:18.170-06:00  INFO 41187 --- [Campus Chapter Organizer] [  restartedMain] o.h.e.t.j.p.i.JtaPlatformInitiator       : HHH000489: No JTA platform available (set 'hibernate.transaction.jta.platform' to enable JTA platform integration)
2025-10-27T15:52:18.175-06:00  INFO 41187 --- [Campus Chapter Organizer] [  restartedMain] j.LocalContainerEntityManagerFactoryBean : Initialized JPA EntityManagerFactory for persistence unit 'default'
2025-10-27T15:52:18.182-06:00  WARN 41187 --- [Campus Chapter Organizer] [  restartedMain] ConfigServletWebServerApplicationContext : Exception encountered during context initialization - cancelling refresh attempt: org.springframework.beans.factory.BeanCreationException: Error creating bean with name 'dataInitializer': Lookup method resolution failed
2025-10-27T15:52:18.182-06:00  INFO 41187 --- [Campus Chapter Organizer] [  restartedMain] j.LocalContainerEntityManagerFactoryBean : Closing JPA EntityManagerFactory for persistence unit 'default'
2025-10-27T15:52:18.184-06:00  WARN 41187 --- [Campus Chapter Organizer] [  restartedMain] o.s.b.f.support.DisposableBeanAdapter    : Invocation of destroy method failed on bean with name 'inMemoryDatabaseShutdownExecutor': org.h2.jdbc.JdbcSQLNonTransientConnectionException: Database is already closed (to disable automatic closing at VM shutdown, add ";DB_CLOSE_ON_EXIT=FALSE" to the db URL) [90121-224]
2025-10-27T15:52:18.184-06:00  INFO 41187 --- [Campus Chapter Organizer] [  restartedMain] com.zaxxer.hikari.HikariDataSource       : HikariPool-4 - Shutdown initiated...
2025-10-27T15:52:18.212-06:00  INFO 41187 --- [Campus Chapter Organizer] [  restartedMain] com.zaxxer.hikari.HikariDataSource       : HikariPool-4 - Shutdown completed.
2025-10-27T15:52:18.212-06:00  INFO 41187 --- [Campus Chapter Organizer] [  restartedMain] o.apache.catalina.core.StandardService   : Stopping service [Tomcat]
2025-10-27T15:52:18.220-06:00  INFO 41187 --- [Campus Chapter Organizer] [  restartedMain] .s.b.a.l.ConditionEvaluationReportLogger : 

Error starting ApplicationContext. To display the condition evaluation report re-run your application with 'debug' enabled.
2025-10-27T15:52:18.232-06:00 ERROR 41187 --- [Campus Chapter Organizer] [  restartedMain] o.s.boot.SpringApplication               : Application run failed

org.springframework.beans.factory.BeanCreationException: Error creating bean with name 'dataInitializer': Lookup method resolution failed
	at org.springframework.beans.factory.annotation.AutowiredAnnotationBeanPostProcessor.checkLookupMethods(AutowiredAnnotationBeanPostProcessor.java:498) ~[spring-beans-6.1.15.jar:6.1.15]
	at org.springframework.beans.factory.annotation.AutowiredAnnotationBeanPostProcessor.determineCandidateConstructors(AutowiredAnnotationBeanPostProcessor.java:368) ~[spring-beans-6.1.15.jar:6.1.15]
	at org.springframework.beans.factory.support.AbstractAutowireCapableBeanFactory.determineConstructorsFromBeanPostProcessors(AbstractAutowireCapableBeanFactory.java:1314) ~[spring-beans-6.1.15.jar:6.1.15]
	at org.springframework.beans.factory.support.AbstractAutowireCapableBeanFactory.createBeanInstance(AbstractAutowireCapableBeanFactory.java:1209) ~[spring-beans-6.1.15.jar:6.1.15]
	at org.springframework.beans.factory.support.AbstractAutowireCapableBeanFactory.doCreateBean(AbstractAutowireCapableBeanFactory.java:562) ~[spring-beans-6.1.15.jar:6.1.15]
	at org.springframework.beans.factory.support.AbstractAutowireCapableBeanFactory.createBean(AbstractAutowireCapableBeanFactory.java:522) ~[spring-beans-6.1.15.jar:6.1.15]
	at org.springframework.beans.factory.support.AbstractBeanFactory.lambda$doGetBean$0(AbstractBeanFactory.java:337) ~[spring-beans-6.1.15.jar:6.1.15]
	at org.springframework.beans.factory.support.DefaultSingletonBeanRegistry.getSingleton(DefaultSingletonBeanRegistry.java:234) ~[spring-beans-6.1.15.jar:6.1.15]
	at org.springframework.beans.factory.support.AbstractBeanFactory.doGetBean(AbstractBeanFactory.java:335) ~[spring-beans-6.1.15.jar:6.1.15]
	at org.springframework.beans.factory.support.AbstractBeanFactory.getBean(AbstractBeanFactory.java:200) ~[spring-beans-6.1.15.jar:6.1.15]
	at org.springframework.beans.factory.support.DefaultListableBeanFactory.preInstantiateSingletons(DefaultListableBeanFactory.java:975) ~[spring-beans-6.1.15.jar:6.1.15]
	at org.springframework.context.support.AbstractApplicationContext.finishBeanFactoryInitialization(AbstractApplicationContext.java:971) ~[spring-context-6.1.15.jar:6.1.15]
	at org.springframework.context.support.AbstractApplicationContext.refresh(AbstractApplicationContext.java:625) ~[spring-context-6.1.15.jar:6.1.15]
	at org.springframework.boot.web.servlet.context.ServletWebServerApplicationContext.refresh(ServletWebServerApplicationContext.java:146) ~[spring-boot-3.3.6.jar:3.3.6]
	at org.springframework.boot.SpringApplication.refresh(SpringApplication.java:754) ~[spring-boot-3.3.6.jar:3.3.6]
	at org.springframework.boot.SpringApplication.refreshContext(SpringApplication.java:456) ~[spring-boot-3.3.6.jar:3.3.6]
	at org.springframework.boot.SpringApplication.run(SpringApplication.java:335) ~[spring-boot-3.3.6.jar:3.3.6]
	at org.springframework.boot.SpringApplication.run(SpringApplication.java:1363) ~[spring-boot-3.3.6.jar:3.3.6]
	at org.springframework.boot.SpringApplication.run(SpringApplication.java:1352) ~[spring-boot-3.3.6.jar:3.3.6]
	at com.turningpoint.chapterorganizer.CampusChapterOrganizerApplication.main(CampusChapterOrganizerApplication.java:10) ~[classes/:na]
	at java.base/jdk.internal.reflect.DirectMethodHandleAccessor.invoke(DirectMethodHandleAccessor.java:104) ~[na:na]
	at java.base/java.lang.reflect.Method.invoke(Method.java:565) ~[na:na]
	at org.springframework.boot.devtools.restart.RestartLauncher.run(RestartLauncher.java:50) ~[spring-boot-devtools-3.3.6.jar:3.3.6]
Caused by: java.lang.IllegalStateException: Failed to introspect Class [com.turningpoint.chapterorganizer.config.DataInitializer] from ClassLoader [org.springframework.boot.devtools.restart.classloader.RestartClassLoader@331f440]
	at org.springframework.util.ReflectionUtils.getDeclaredMethods(ReflectionUtils.java:483) ~[spring-core-6.1.15.jar:6.1.15]
	at org.springframework.util.ReflectionUtils.doWithLocalMethods(ReflectionUtils.java:320) ~[spring-core-6.1.15.jar:6.1.15]
	at org.springframework.beans.factory.annotation.AutowiredAnnotationBeanPostProcessor.checkLookupMethods(AutowiredAnnotationBeanPostProcessor.java:476) ~[spring-beans-6.1.15.jar:6.1.15]
	... 22 common frames omitted
Caused by: java.lang.NoClassDefFoundError: [LChapter;
	at java.base/java.lang.Class.getDeclaredMethods0(Native Method) ~[na:na]
	at java.base/java.lang.Class.privateGetDeclaredMethods(Class.java:3010) ~[na:na]
	at java.base/java.lang.Class.getDeclaredMethods(Class.java:2329) ~[na:na]
	at org.springframework.util.ReflectionUtils.getDeclaredMethods(ReflectionUtils.java:465) ~[spring-core-6.1.15.jar:6.1.15]
	... 24 common frames omitted
Caused by: java.lang.ClassNotFoundException: Chapter
	at java.base/jdk.internal.loader.BuiltinClassLoader.loadClass(BuiltinClassLoader.java:580) ~[na:na]
	at java.base/java.lang.ClassLoader.loadClass(ClassLoader.java:490) ~[na:na]
	at java.base/java.lang.Class.forName0(Native Method) ~[na:na]
	at java.base/java.lang.Class.forName(Class.java:547) ~[na:na]
	at org.springframework.boot.devtools.restart.classloader.RestartClassLoader.loadClass(RestartClassLoader.java:121) ~[spring-boot-devtools-3.3.6.jar:3.3.6]
	at java.base/java.lang.ClassLoader.loadClass(ClassLoader.java:490) ~[na:na]
	... 28 common frames omitted


  .   ____          _            __ _ _
 /\\ / ___'_ __ _ _(_)_ __  __ _ \ \ \ \
( ( )\___ | '_ | '_| | '_ \/ _` | \ \ \ \
 \\/  ___)| |_)| | | | | || (_| |  ) ) ) )
  '  |____| .__|_| |_|_| |_\__, | / / / /
 =========|_|==============|___/=/_/_/_/

 :: Spring Boot ::                (v3.3.6)

2025-10-27T15:52:39.832-06:00  INFO 41187 --- [Campus Chapter Organizer] [  restartedMain] c.t.c.CampusChapterOrganizerApplication  : Starting CampusChapterOrganizerApplication using Java 25 with PID 41187 (/Users/benh/Documents/StartAChapter/target/classes started by benh in /Users/benh/Documents/StartAChapter)
2025-10-27T15:52:39.832-06:00 DEBUG 41187 --- [Campus Chapter Organizer] [  restartedMain] c.t.c.CampusChapterOrganizerApplication  : Running with Spring Boot v3.3.6, Spring v6.1.15
2025-10-27T15:52:39.832-06:00  INFO 41187 --- [Campus Chapter Organizer] [  restartedMain] c.t.c.CampusChapterOrganizerApplication  : No active profile set, falling back to 1 default profile: "default"
2025-10-27T15:52:39.933-06:00  INFO 41187 --- [Campus Chapter Organizer] [  restartedMain] .s.d.r.c.RepositoryConfigurationDelegate : Bootstrapping Spring Data JPA repositories in DEFAULT mode.
2025-10-27T15:52:39.946-06:00  INFO 41187 --- [Campus Chapter Organizer] [  restartedMain] .s.d.r.c.RepositoryConfigurationDelegate : Finished Spring Data repository scanning in 12 ms. Found 15 JPA repository interfaces.
2025-10-27T15:52:40.004-06:00  INFO 41187 --- [Campus Chapter Organizer] [  restartedMain] o.s.b.w.embedded.tomcat.TomcatWebServer  : Tomcat initialized with port 8080 (http)
2025-10-27T15:52:40.005-06:00  INFO 41187 --- [Campus Chapter Organizer] [  restartedMain] o.apache.catalina.core.StandardService   : Starting service [Tomcat]
2025-10-27T15:52:40.005-06:00  INFO 41187 --- [Campus Chapter Organizer] [  restartedMain] o.apache.catalina.core.StandardEngine    : Starting Servlet engine: [Apache Tomcat/10.1.33]
2025-10-27T15:52:40.009-06:00  INFO 41187 --- [Campus Chapter Organizer] [  restartedMain] o.a.c.c.C.[Tomcat-1].[localhost].[/]     : Initializing Spring embedded WebApplicationContext
2025-10-27T15:52:40.009-06:00  INFO 41187 --- [Campus Chapter Organizer] [  restartedMain] w.s.c.ServletWebServerApplicationContext : Root WebApplicationContext: initialization completed in 176 ms
2025-10-27T15:52:40.029-06:00  INFO 41187 --- [Campus Chapter Organizer] [  restartedMain] com.zaxxer.hikari.HikariDataSource       : HikariPool-5 - Starting...
2025-10-27T15:52:40.030-06:00  INFO 41187 --- [Campus Chapter Organizer] [  restartedMain] com.zaxxer.hikari.pool.HikariPool        : HikariPool-5 - Added connection conn35: url=jdbc:h2:mem:chapterdb user=SA
2025-10-27T15:52:40.030-06:00  INFO 41187 --- [Campus Chapter Organizer] [  restartedMain] com.zaxxer.hikari.HikariDataSource       : HikariPool-5 - Start completed.
2025-10-27T15:52:40.030-06:00  INFO 41187 --- [Campus Chapter Organizer] [  restartedMain] o.s.b.a.h2.H2ConsoleAutoConfiguration    : H2 console available at '/h2-console'. Database available at 'jdbc:h2:mem:chapterdb'
2025-10-27T15:52:40.055-06:00  INFO 41187 --- [Campus Chapter Organizer] [  restartedMain] org.flywaydb.core.FlywayExecutor         : Database: jdbc:h2:mem:chapterdb (H2 2.2)
2025-10-27T15:52:40.055-06:00  WARN 41187 --- [Campus Chapter Organizer] [  restartedMain] o.f.c.internal.database.base.Database    : Flyway upgrade recommended: H2 2.2.224 is newer than this version of Flyway and support has not been tested. The latest supported version of H2 is 2.2.220.
2025-10-27T15:52:40.056-06:00  INFO 41187 --- [Campus Chapter Organizer] [  restartedMain] o.f.c.i.s.JdbcTableSchemaHistory         : Schema history table "PUBLIC"."flyway_schema_history" does not exist yet
2025-10-27T15:52:40.056-06:00  INFO 41187 --- [Campus Chapter Organizer] [  restartedMain] o.f.core.internal.command.DbValidate     : Successfully validated 4 migrations (execution time 00:00.000s)
2025-10-27T15:52:40.056-06:00  INFO 41187 --- [Campus Chapter Organizer] [  restartedMain] o.f.c.i.s.JdbcTableSchemaHistory         : Creating Schema History table "PUBLIC"."flyway_schema_history" ...
2025-10-27T15:52:40.057-06:00  INFO 41187 --- [Campus Chapter Organizer] [  restartedMain] o.f.core.internal.command.DbMigrate      : Current version of schema "PUBLIC": << Empty Schema >>
2025-10-27T15:52:40.058-06:00  INFO 41187 --- [Campus Chapter Organizer] [  restartedMain] o.f.core.internal.command.DbMigrate      : Migrating schema "PUBLIC" to version "1 - Create initial tables"
2025-10-27T15:52:40.060-06:00  INFO 41187 --- [Campus Chapter Organizer] [  restartedMain] o.f.core.internal.command.DbMigrate      : Migrating schema "PUBLIC" to version "2 - Add institutions table"
2025-10-27T15:52:40.062-06:00  INFO 41187 --- [Campus Chapter Organizer] [  restartedMain] o.f.core.internal.command.DbMigrate      : Migrating schema "PUBLIC" to version "3 - Migrate existing chapters to institutions"
2025-10-27T15:52:40.063-06:00  INFO 41187 --- [Campus Chapter Organizer] [  restartedMain] o.f.core.internal.command.DbMigrate      : Migrating schema "PUBLIC" to version "4 - Create audit logs table"
2025-10-27T15:52:40.064-06:00  INFO 41187 --- [Campus Chapter Organizer] [  restartedMain] o.f.core.internal.command.DbMigrate      : Successfully applied 4 migrations to schema "PUBLIC", now at version v4 (execution time 00:00.002s)
2025-10-27T15:52:40.075-06:00  INFO 41187 --- [Campus Chapter Organizer] [  restartedMain] o.hibernate.jpa.internal.util.LogHelper  : HHH000204: Processing PersistenceUnitInfo [name: default]
2025-10-27T15:52:40.075-06:00  INFO 41187 --- [Campus Chapter Organizer] [  restartedMain] o.h.c.internal.RegionFactoryInitiator    : HHH000026: Second-level cache disabled
2025-10-27T15:52:40.078-06:00  INFO 41187 --- [Campus Chapter Organizer] [  restartedMain] o.s.o.j.p.SpringPersistenceUnitInfo      : No LoadTimeWeaver setup: ignoring JPA class transformer
2025-10-27T15:52:40.078-06:00  WARN 41187 --- [Campus Chapter Organizer] [  restartedMain] org.hibernate.orm.deprecation            : HHH90000025: H2Dialect does not need to be specified explicitly using 'hibernate.dialect' (remove the property setting and it will be selected by default)
2025-10-27T15:52:40.154-06:00  INFO 41187 --- [Campus Chapter Organizer] [  restartedMain] o.h.e.t.j.p.i.JtaPlatformInitiator       : HHH000489: No JTA platform available (set 'hibernate.transaction.jta.platform' to enable JTA platform integration)
2025-10-27T15:52:40.158-06:00  INFO 41187 --- [Campus Chapter Organizer] [  restartedMain] j.LocalContainerEntityManagerFactoryBean : Initialized JPA EntityManagerFactory for persistence unit 'default'
2025-10-27T15:52:40.374-06:00  WARN 41187 --- [Campus Chapter Organizer] [  restartedMain] JpaBaseConfiguration$JpaWebConfiguration : spring.jpa.open-in-view is enabled by default. Therefore, database queries may be performed during view rendering. Explicitly configure spring.jpa.open-in-view to disable this warning
2025-10-27T15:52:40.383-06:00  WARN 41187 --- [Campus Chapter Organizer] [  restartedMain] .s.s.UserDetailsServiceAutoConfiguration : 

Using generated security password: 115b0614-2e56-42da-9aad-56f60b369908

This generated password is for development use only. Your security configuration must be updated before running your application in production.

2025-10-27T15:52:40.384-06:00  INFO 41187 --- [Campus Chapter Organizer] [  restartedMain] r$InitializeUserDetailsManagerConfigurer : Global AuthenticationManager configured with UserDetailsService bean with name inMemoryUserDetailsManager
2025-10-27T15:52:40.399-06:00  INFO 41187 --- [Campus Chapter Organizer] [  restartedMain] o.s.b.a.w.s.WelcomePageHandlerMapping    : Adding welcome page: class path resource [static/index.html]
2025-10-27T15:52:40.472-06:00  INFO 41187 --- [Campus Chapter Organizer] [  restartedMain] o.s.b.a.e.web.EndpointLinksResolver      : Exposing 1 endpoint beneath base path '/actuator'
2025-10-27T15:52:40.533-06:00  WARN 41187 --- [Campus Chapter Organizer] [  restartedMain] ion$DefaultTemplateResolverConfiguration : Cannot find template location: classpath:/templates/ (please add some templates, check your Thymeleaf configuration, or set spring.thymeleaf.check-template-location=false)
2025-10-27T15:52:40.612-06:00  INFO 41187 --- [Campus Chapter Organizer] [  restartedMain] o.s.b.d.a.OptionalLiveReloadServer       : LiveReload server is running on port 35729
2025-10-27T15:52:40.622-06:00  INFO 41187 --- [Campus Chapter Organizer] [  restartedMain] o.s.b.w.embedded.tomcat.TomcatWebServer  : Tomcat started on port 8080 (http) with context path '/'
2025-10-27T15:52:40.622-06:00  INFO 41187 --- [Campus Chapter Organizer] [  restartedMain] o.s.m.s.b.SimpleBrokerMessageHandler     : Starting...
2025-10-27T15:52:40.622-06:00  INFO 41187 --- [Campus Chapter Organizer] [  restartedMain] o.s.m.s.b.SimpleBrokerMessageHandler     : BrokerAvailabilityEvent[available=true, SimpleBrokerMessageHandler [org.springframework.messaging.simp.broker.DefaultSubscriptionRegistry@59beae2b]]
2025-10-27T15:52:40.623-06:00  INFO 41187 --- [Campus Chapter Organizer] [  restartedMain] o.s.m.s.b.SimpleBrokerMessageHandler     : Started.
2025-10-27T15:52:40.626-06:00  INFO 41187 --- [Campus Chapter Organizer] [  restartedMain] c.t.c.CampusChapterOrganizerApplication  : Started CampusChapterOrganizerApplication in 0.8 seconds (process running for 999.939)
Initializing comprehensive Turning Point USA chapter data for all 50 states...
Creating test user with roles and permissions...
Test user created with ID: 1
Test user created successfully:
Username: testuser
Password: password123
Email: testuser@turningpoint.org
Role: TEST_USER with 6 permissions
Sample data initialization completed successfully!
Created 52 chapters, 832 members, and 244 events across all 50 states.
2025-10-27T15:52:40.745-06:00  INFO 41187 --- [Campus Chapter Organizer] [  restartedMain] .ConditionEvaluationDeltaLoggingListener : Condition evaluation unchanged
2025-10-27T15:52:50.483-06:00  INFO 41187 --- [Campus Chapter Organizer] [ionShutdownHook] o.s.m.s.b.SimpleBrokerMessageHandler     : Stopping...
2025-10-27T15:52:50.483-06:00  INFO 41187 --- [Campus Chapter Organizer] [ionShutdownHook] o.s.m.s.b.SimpleBrokerMessageHandler     : BrokerAvailabilityEvent[available=false, SimpleBrokerMessageHandler [org.springframework.messaging.simp.broker.DefaultSubscriptionRegistry@59beae2b]]
2025-10-27T15:52:50.483-06:00  INFO 41187 --- [Campus Chapter Organizer] [ionShutdownHook] o.s.m.s.b.SimpleBrokerMessageHandler     : Stopped.
2025-10-27T15:52:50.485-06:00  INFO 41187 --- [Campus Chapter Organizer] [ionShutdownHook] j.LocalContainerEntityManagerFactoryBean : Closing JPA EntityManagerFactory for persistence unit 'default'
2025-10-27T15:52:50.486-06:00  WARN 41187 --- [Campus Chapter Organizer] [ionShutdownHook] o.s.b.f.support.DisposableBeanAdapter    : Invocation of destroy method failed on bean with name 'inMemoryDatabaseShutdownExecutor': org.h2.jdbc.JdbcSQLNonTransientConnectionException: Database is already closed (to disable automatic closing at VM shutdown, add ";DB_CLOSE_ON_EXIT=FALSE" to the db URL) [90121-224]
2025-10-27T15:52:50.487-06:00  INFO 41187 --- [Campus Chapter Organizer] [ionShutdownHook] com.zaxxer.hikari.HikariDataSource       : HikariPool-5 - Shutdown initiated...
2025-10-27T15:52:50.488-06:00  INFO 41187 --- [Campus Chapter Organizer] [ionShutdownHook] com.zaxxer.hikari.HikariDataSource       : HikariPool-5 - Shutdown completed.
