WARNING: A terminally deprecated method in sun.misc.Unsafe has been called
WARNING: sun.misc.Unsafe::staticFieldBase has been called by com.google.inject.internal.aop.HiddenClassDefiner (file:/Users/benh/.m2/wrapper/dists/apache-maven-3.9.11/a2d47e15/lib/guice-5.1.0-classes.jar)
WARNING: Please consider reporting this to the maintainers of class com.google.inject.internal.aop.HiddenClassDefiner
WARNING: sun.misc.Unsafe::staticFieldBase will be removed in a future release
[INFO] Scanning for projects...
[INFO] 
[INFO] -------------< com.turningpoint:campus-chapter-organizer >--------------
[INFO] Building Campus Chapter Organizer 1.0.0-SNAPSHOT
[INFO]   from pom.xml
[INFO] --------------------------------[ jar ]---------------------------------
[INFO] 
[INFO] >>> spring-boot:3.3.6:run (default-cli) > test-compile @ campus-chapter-organizer >>>
[INFO] 
[INFO] --- resources:3.3.1:resources (default-resources) @ campus-chapter-organizer ---
[INFO] Copying 3 resources from src/main/resources to target/classes
[INFO] Copying 26 resources from src/main/resources to target/classes
[INFO] 
[INFO] --- compiler:3.13.0:compile (default-compile) @ campus-chapter-organizer ---
[INFO] Nothing to compile - all classes are up to date.
[INFO] 
[INFO] --- resources:3.3.1:testResources (default-testResources) @ campus-chapter-organizer ---
[INFO] Copying 1 resource from src/test/resources to target/test-classes
[INFO] 
[INFO] --- compiler:3.13.0:testCompile (default-testCompile) @ campus-chapter-organizer ---
[INFO] Nothing to compile - all classes are up to date.
[INFO] 
[INFO] <<< spring-boot:3.3.6:run (default-cli) < test-compile @ campus-chapter-organizer <<<
[INFO] 
[INFO] 
[INFO] --- spring-boot:3.3.6:run (default-cli) @ campus-chapter-organizer ---
[INFO] Attaching agents: []

  .   ____          _            __ _ _
 /\\ / ___'_ __ _ _(_)_ __  __ _ \ \ \ \
( ( )\___ | '_ | '_| | '_ \/ _` | \ \ \ \
 \\/  ___)| |_)| | | | | || (_| |  ) ) ) )
  '  |____| .__|_| |_|_| |_\__, | / / / /
 =========|_|==============|___/=/_/_/_/

 :: Spring Boot ::                (v3.3.6)

2025-10-27T15:53:01.649-06:00  INFO 48814 --- [Campus Chapter Organizer] [  restartedMain] c.t.c.CampusChapterOrganizerApplication  : Starting CampusChapterOrganizerApplication using Java 25 with PID 48814 (/Users/benh/Documents/StartAChapter/target/classes started by benh in /Users/benh/Documents/StartAChapter)
2025-10-27T15:53:01.650-06:00 DEBUG 48814 --- [Campus Chapter Organizer] [  restartedMain] c.t.c.CampusChapterOrganizerApplication  : Running with Spring Boot v3.3.6, Spring v6.1.15
2025-10-27T15:53:01.650-06:00  INFO 48814 --- [Campus Chapter Organizer] [  restartedMain] c.t.c.CampusChapterOrganizerApplication  : No active profile set, falling back to 1 default profile: "default"
2025-10-27T15:53:01.677-06:00  INFO 48814 --- [Campus Chapter Organizer] [  restartedMain] .e.DevToolsPropertyDefaultsPostProcessor : Devtools property defaults active! Set 'spring.devtools.add-properties' to 'false' to disable
2025-10-27T15:53:01.677-06:00  INFO 48814 --- [Campus Chapter Organizer] [  restartedMain] .e.DevToolsPropertyDefaultsPostProcessor : For additional web related logging consider setting the 'logging.level.web' property to 'DEBUG'
2025-10-27T15:53:02.055-06:00  INFO 48814 --- [Campus Chapter Organizer] [  restartedMain] .s.d.r.c.RepositoryConfigurationDelegate : Bootstrapping Spring Data JPA repositories in DEFAULT mode.
2025-10-27T15:53:02.084-06:00  INFO 48814 --- [Campus Chapter Organizer] [  restartedMain] .s.d.r.c.RepositoryConfigurationDelegate : Finished Spring Data repository scanning in 26 ms. Found 15 JPA repository interfaces.
WARNING: A restricted method in java.lang.System has been called
WARNING: java.lang.System::load has been called by org.apache.tomcat.jni.Library in an unnamed module (file:/Users/benh/.m2/repository/org/apache/tomcat/embed/tomcat-embed-core/10.1.33/tomcat-embed-core-10.1.33.jar)
WARNING: Use --enable-native-access=ALL-UNNAMED to avoid a warning for callers in this module
WARNING: Restricted methods will be blocked in a future release unless native access is enabled

2025-10-27T15:53:02.366-06:00  INFO 48814 --- [Campus Chapter Organizer] [  restartedMain] o.s.b.w.embedded.tomcat.TomcatWebServer  : Tomcat initialized with port 8080 (http)
2025-10-27T15:53:02.371-06:00  INFO 48814 --- [Campus Chapter Organizer] [  restartedMain] o.apache.catalina.core.StandardService   : Starting service [Tomcat]
2025-10-27T15:53:02.372-06:00  INFO 48814 --- [Campus Chapter Organizer] [  restartedMain] o.apache.catalina.core.StandardEngine    : Starting Servlet engine: [Apache Tomcat/10.1.33]
2025-10-27T15:53:02.386-06:00  INFO 48814 --- [Campus Chapter Organizer] [  restartedMain] o.a.c.c.C.[Tomcat].[localhost].[/]       : Initializing Spring embedded WebApplicationContext
2025-10-27T15:53:02.386-06:00  INFO 48814 --- [Campus Chapter Organizer] [  restartedMain] w.s.c.ServletWebServerApplicationContext : Root WebApplicationContext: initialization completed in 709 ms
2025-10-27T15:53:02.431-06:00  INFO 48814 --- [Campus Chapter Organizer] [  restartedMain] com.zaxxer.hikari.HikariDataSource       : HikariPool-1 - Starting...
2025-10-27T15:53:02.502-06:00  INFO 48814 --- [Campus Chapter Organizer] [  restartedMain] com.zaxxer.hikari.pool.HikariPool        : HikariPool-1 - Added connection conn0: url=jdbc:h2:mem:chapterdb user=SA
2025-10-27T15:53:02.503-06:00  INFO 48814 --- [Campus Chapter Organizer] [  restartedMain] com.zaxxer.hikari.HikariDataSource       : HikariPool-1 - Start completed.
2025-10-27T15:53:02.507-06:00  INFO 48814 --- [Campus Chapter Organizer] [  restartedMain] o.s.b.a.h2.H2ConsoleAutoConfiguration    : H2 console available at '/h2-console'. Database available at 'jdbc:h2:mem:chapterdb'
2025-10-27T15:53:02.608-06:00  INFO 48814 --- [Campus Chapter Organizer] [  restartedMain] org.flywaydb.core.FlywayExecutor         : Database: jdbc:h2:mem:chapterdb (H2 2.2)
2025-10-27T15:53:02.610-06:00  WARN 48814 --- [Campus Chapter Organizer] [  restartedMain] o.f.c.internal.database.base.Database    : Flyway upgrade recommended: H2 2.2.224 is newer than this version of Flyway and support has not been tested. The latest supported version of H2 is 2.2.220.
2025-10-27T15:53:02.617-06:00  INFO 48814 --- [Campus Chapter Organizer] [  restartedMain] o.f.c.i.s.JdbcTableSchemaHistory         : Schema history table "PUBLIC"."flyway_schema_history" does not exist yet
2025-10-27T15:53:02.618-06:00  INFO 48814 --- [Campus Chapter Organizer] [  restartedMain] o.f.core.internal.command.DbValidate     : Successfully validated 4 migrations (execution time 00:00.004s)
2025-10-27T15:53:02.620-06:00  INFO 48814 --- [Campus Chapter Organizer] [  restartedMain] o.f.c.i.s.JdbcTableSchemaHistory         : Creating Schema History table "PUBLIC"."flyway_schema_history" ...
2025-10-27T15:53:02.630-06:00  INFO 48814 --- [Campus Chapter Organizer] [  restartedMain] o.f.core.internal.command.DbMigrate      : Current version of schema "PUBLIC": << Empty Schema >>
2025-10-27T15:53:02.633-06:00  INFO 48814 --- [Campus Chapter Organizer] [  restartedMain] o.f.core.internal.command.DbMigrate      : Migrating schema "PUBLIC" to version "1 - Create initial tables"
2025-10-27T15:53:02.644-06:00  INFO 48814 --- [Campus Chapter Organizer] [  restartedMain] o.f.core.internal.command.DbMigrate      : Migrating schema "PUBLIC" to version "2 - Add institutions table"
2025-10-27T15:53:02.651-06:00  INFO 48814 --- [Campus Chapter Organizer] [  restartedMain] o.f.core.internal.command.DbMigrate      : Migrating schema "PUBLIC" to version "3 - Migrate existing chapters to institutions"
2025-10-27T15:53:02.655-06:00  INFO 48814 --- [Campus Chapter Organizer] [  restartedMain] o.f.core.internal.command.DbMigrate      : Migrating schema "PUBLIC" to version "4 - Create audit logs table"
2025-10-27T15:53:02.658-06:00  INFO 48814 --- [Campus Chapter Organizer] [  restartedMain] o.f.core.internal.command.DbMigrate      : Successfully applied 4 migrations to schema "PUBLIC", now at version v4 (execution time 00:00.014s)
2025-10-27T15:53:02.690-06:00  INFO 48814 --- [Campus Chapter Organizer] [  restartedMain] o.hibernate.jpa.internal.util.LogHelper  : HHH000204: Processing PersistenceUnitInfo [name: default]
2025-10-27T15:53:02.708-06:00  INFO 48814 --- [Campus Chapter Organizer] [  restartedMain] org.hibernate.Version                    : HHH000412: Hibernate ORM core version 6.5.3.Final
2025-10-27T15:53:02.717-06:00  INFO 48814 --- [Campus Chapter Organizer] [  restartedMain] o.h.c.internal.RegionFactoryInitiator    : HHH000026: Second-level cache disabled
2025-10-27T15:53:02.810-06:00  INFO 48814 --- [Campus Chapter Organizer] [  restartedMain] o.s.o.j.p.SpringPersistenceUnitInfo      : No LoadTimeWeaver setup: ignoring JPA class transformer
2025-10-27T15:53:02.825-06:00  WARN 48814 --- [Campus Chapter Organizer] [  restartedMain] org.hibernate.orm.deprecation            : HHH90000025: H2Dialect does not need to be specified explicitly using 'hibernate.dialect' (remove the property setting and it will be selected by default)
2025-10-27T15:53:03.275-06:00  INFO 48814 --- [Campus Chapter Organizer] [  restartedMain] o.h.e.t.j.p.i.JtaPlatformInitiator       : HHH000489: No JTA platform available (set 'hibernate.transaction.jta.platform' to enable JTA platform integration)
2025-10-27T15:53:03.299-06:00  INFO 48814 --- [Campus Chapter Organizer] [  restartedMain] j.LocalContainerEntityManagerFactoryBean : Initialized JPA EntityManagerFactory for persistence unit 'default'
2025-10-27T15:53:03.404-06:00  INFO 48814 --- [Campus Chapter Organizer] [  restartedMain] o.s.d.j.r.query.QueryEnhancerFactory     : Hibernate is in classpath; If applicable, HQL parser will be used.
2025-10-27T15:53:04.155-06:00  WARN 48814 --- [Campus Chapter Organizer] [  restartedMain] JpaBaseConfiguration$JpaWebConfiguration : spring.jpa.open-in-view is enabled by default. Therefore, database queries may be performed during view rendering. Explicitly configure spring.jpa.open-in-view to disable this warning
2025-10-27T15:53:04.167-06:00  WARN 48814 --- [Campus Chapter Organizer] [  restartedMain] .s.s.UserDetailsServiceAutoConfiguration : 

Using generated security password: 841dd7df-29f5-49b6-b5a1-35c5a29024cd

This generated password is for development use only. Your security configuration must be updated before running your application in production.

2025-10-27T15:53:04.169-06:00  INFO 48814 --- [Campus Chapter Organizer] [  restartedMain] r$InitializeUserDetailsManagerConfigurer : Global AuthenticationManager configured with UserDetailsService bean with name inMemoryUserDetailsManager
2025-10-27T15:53:04.218-06:00  INFO 48814 --- [Campus Chapter Organizer] [  restartedMain] o.s.b.a.w.s.WelcomePageHandlerMapping    : Adding welcome page: class path resource [static/index.html]
2025-10-27T15:53:04.319-06:00  INFO 48814 --- [Campus Chapter Organizer] [  restartedMain] o.s.b.a.e.web.EndpointLinksResolver      : Exposing 1 endpoint beneath base path '/actuator'
2025-10-27T15:53:04.424-06:00  WARN 48814 --- [Campus Chapter Organizer] [  restartedMain] ion$DefaultTemplateResolverConfiguration : Cannot find template location: classpath:/templates/ (please add some templates, check your Thymeleaf configuration, or set spring.thymeleaf.check-template-location=false)
2025-10-27T15:53:04.553-06:00  INFO 48814 --- [Campus Chapter Organizer] [  restartedMain] o.s.b.d.a.OptionalLiveReloadServer       : LiveReload server is running on port 35729
2025-10-27T15:53:04.581-06:00  INFO 48814 --- [Campus Chapter Organizer] [  restartedMain] o.s.b.w.embedded.tomcat.TomcatWebServer  : Tomcat started on port 8080 (http) with context path '/'
2025-10-27T15:53:04.582-06:00  INFO 48814 --- [Campus Chapter Organizer] [  restartedMain] o.s.m.s.b.SimpleBrokerMessageHandler     : Starting...
2025-10-27T15:53:04.582-06:00  INFO 48814 --- [Campus Chapter Organizer] [  restartedMain] o.s.m.s.b.SimpleBrokerMessageHandler     : BrokerAvailabilityEvent[available=true, SimpleBrokerMessageHandler [org.springframework.messaging.simp.broker.DefaultSubscriptionRegistry@5e49f9a1]]
2025-10-27T15:53:04.582-06:00  INFO 48814 --- [Campus Chapter Organizer] [  restartedMain] o.s.m.s.b.SimpleBrokerMessageHandler     : Started.
2025-10-27T15:53:04.589-06:00  INFO 48814 --- [Campus Chapter Organizer] [  restartedMain] c.t.c.CampusChapterOrganizerApplication  : Started CampusChapterOrganizerApplication in 3.059 seconds (process running for 3.195)
Initializing comprehensive Turning Point USA chapter data for all 50 states...
Creating test user with roles and permissions...
Test user created with ID: 1
Test user created successfully:
Username: testuser
Password: password123
Email: testuser@turningpoint.org
Role: TEST_USER with 6 permissions
Sample data initialization completed successfully!
Created 52 chapters, 819 members, and 232 events across all 50 states.
2025-10-27T15:54:04.570-06:00  INFO 48814 --- [Campus Chapter Organizer] [MessageBroker-1] o.s.w.s.c.WebSocketMessageBrokerStats    : WebSocketSession[0 current WS(0)-HttpStream(0)-HttpPoll(0), 0 total, 0 closed abnormally (0 connect failure, 0 send limit, 0 transport error)], stompSubProtocol[processed CONNECT(0)-CONNECTED(0)-DISCONNECT(0)], stompBrokerRelay[null], inboundChannel[pool size = 0, active threads = 0, queued tasks = 0, completed tasks = 0], outboundChannel[pool size = 0, active threads = 0, queued tasks = 0, completed tasks = 0], sockJsScheduler[pool size = 1, active threads = 1, queued tasks = 0, completed tasks = 0]
2025-10-27T15:54:13.358-06:00  INFO 48814 --- [Campus Chapter Organizer] [nio-8080-exec-1] o.a.c.c.C.[Tomcat].[localhost].[/]       : Initializing Spring DispatcherServlet 'dispatcherServlet'
2025-10-27T15:54:13.358-06:00  INFO 48814 --- [Campus Chapter Organizer] [nio-8080-exec-1] o.s.web.servlet.DispatcherServlet        : Initializing Servlet 'dispatcherServlet'
2025-10-27T15:54:13.359-06:00  INFO 48814 --- [Campus Chapter Organizer] [nio-8080-exec-1] o.s.web.servlet.DispatcherServlet        : Completed initialization in 1 ms
DEBUG: BlogController.createBlog called
DEBUG: Blog title: STABLE ID TEST
DEBUG: Blog author: 1
DEBUG: createBlog method called
DEBUG: Looking for member with ID: 1
DEBUG: Found member: Test User
DEBUG: Blog saved with ID: 1
2025-10-27T15:56:54.092-06:00  INFO 48814 --- [Campus Chapter Organizer] [   File Watcher] rtingClassPathChangeChangedEventListener : Restarting due to 3 class path changes (0 additions, 0 deletions, 3 modifications)
2025-10-27T15:56:54.095-06:00  INFO 48814 --- [Campus Chapter Organizer] [       Thread-5] o.s.m.s.b.SimpleBrokerMessageHandler     : Stopping...
2025-10-27T15:56:54.095-06:00  INFO 48814 --- [Campus Chapter Organizer] [       Thread-5] o.s.m.s.b.SimpleBrokerMessageHandler     : BrokerAvailabilityEvent[available=false, SimpleBrokerMessageHandler [org.springframework.messaging.simp.broker.DefaultSubscriptionRegistry@5e49f9a1]]
2025-10-27T15:56:54.095-06:00  INFO 48814 --- [Campus Chapter Organizer] [       Thread-5] o.s.m.s.b.SimpleBrokerMessageHandler     : Stopped.
2025-10-27T15:56:54.102-06:00  INFO 48814 --- [Campus Chapter Organizer] [       Thread-5] j.LocalContainerEntityManagerFactoryBean : Closing JPA EntityManagerFactory for persistence unit 'default'
2025-10-27T15:56:54.107-06:00  WARN 48814 --- [Campus Chapter Organizer] [       Thread-5] o.s.b.f.support.DisposableBeanAdapter    : Invocation of destroy method failed on bean with name 'inMemoryDatabaseShutdownExecutor': org.h2.jdbc.JdbcSQLNonTransientConnectionException: Database is already closed (to disable automatic closing at VM shutdown, add ";DB_CLOSE_ON_EXIT=FALSE" to the db URL) [90121-224]
2025-10-27T15:56:54.107-06:00  INFO 48814 --- [Campus Chapter Organizer] [       Thread-5] com.zaxxer.hikari.HikariDataSource       : HikariPool-1 - Shutdown initiated...
2025-10-27T15:56:54.108-06:00  INFO 48814 --- [Campus Chapter Organizer] [       Thread-5] com.zaxxer.hikari.HikariDataSource       : HikariPool-1 - Shutdown completed.

  .   ____          _            __ _ _
 /\\ / ___'_ __ _ _(_)_ __  __ _ \ \ \ \
( ( )\___ | '_ | '_| | '_ \/ _` | \ \ \ \
 \\/  ___)| |_)| | | | | || (_| |  ) ) ) )
  '  |____| .__|_| |_|_| |_\__, | / / / /
 =========|_|==============|___/=/_/_/_/

 :: Spring Boot ::                (v3.3.6)

2025-10-27T15:56:54.172-06:00  INFO 48814 --- [Campus Chapter Organizer] [  restartedMain] c.t.c.CampusChapterOrganizerApplication  : Starting CampusChapterOrganizerApplication using Java 25 with PID 48814 (/Users/benh/Documents/StartAChapter/target/classes started by benh in /Users/benh/Documents/StartAChapter)
2025-10-27T15:56:54.172-06:00 DEBUG 48814 --- [Campus Chapter Organizer] [  restartedMain] c.t.c.CampusChapterOrganizerApplication  : Running with Spring Boot v3.3.6, Spring v6.1.15
2025-10-27T15:56:54.172-06:00  INFO 48814 --- [Campus Chapter Organizer] [  restartedMain] c.t.c.CampusChapterOrganizerApplication  : No active profile set, falling back to 1 default profile: "default"
2025-10-27T15:56:54.289-06:00  INFO 48814 --- [Campus Chapter Organizer] [  restartedMain] .s.d.r.c.RepositoryConfigurationDelegate : Bootstrapping Spring Data JPA repositories in DEFAULT mode.
2025-10-27T15:56:54.301-06:00  INFO 48814 --- [Campus Chapter Organizer] [  restartedMain] .s.d.r.c.RepositoryConfigurationDelegate : Finished Spring Data repository scanning in 11 ms. Found 15 JPA repository interfaces.
2025-10-27T15:56:54.361-06:00  INFO 48814 --- [Campus Chapter Organizer] [  restartedMain] o.s.b.w.embedded.tomcat.TomcatWebServer  : Tomcat initialized with port 8080 (http)
2025-10-27T15:56:54.361-06:00  INFO 48814 --- [Campus Chapter Organizer] [  restartedMain] o.apache.catalina.core.StandardService   : Starting service [Tomcat]
2025-10-27T15:56:54.361-06:00  INFO 48814 --- [Campus Chapter Organizer] [  restartedMain] o.apache.catalina.core.StandardEngine    : Starting Servlet engine: [Apache Tomcat/10.1.33]
2025-10-27T15:56:54.365-06:00  INFO 48814 --- [Campus Chapter Organizer] [  restartedMain] o.a.c.c.C.[Tomcat].[localhost].[/]       : Initializing Spring embedded WebApplicationContext
2025-10-27T15:56:54.365-06:00  INFO 48814 --- [Campus Chapter Organizer] [  restartedMain] w.s.c.ServletWebServerApplicationContext : Root WebApplicationContext: initialization completed in 192 ms
2025-10-27T15:56:54.384-06:00  INFO 48814 --- [Campus Chapter Organizer] [  restartedMain] com.zaxxer.hikari.HikariDataSource       : HikariPool-2 - Starting...
2025-10-27T15:56:54.385-06:00  INFO 48814 --- [Campus Chapter Organizer] [  restartedMain] com.zaxxer.hikari.pool.HikariPool        : HikariPool-2 - Added connection conn10: url=jdbc:h2:mem:chapterdb user=SA
2025-10-27T15:56:54.385-06:00  INFO 48814 --- [Campus Chapter Organizer] [  restartedMain] com.zaxxer.hikari.HikariDataSource       : HikariPool-2 - Start completed.
2025-10-27T15:56:54.385-06:00  INFO 48814 --- [Campus Chapter Organizer] [  restartedMain] o.s.b.a.h2.H2ConsoleAutoConfiguration    : H2 console available at '/h2-console'. Database available at 'jdbc:h2:mem:chapterdb'
2025-10-27T15:56:54.413-06:00  INFO 48814 --- [Campus Chapter Organizer] [  restartedMain] org.flywaydb.core.FlywayExecutor         : Database: jdbc:h2:mem:chapterdb (H2 2.2)
2025-10-27T15:56:54.413-06:00  WARN 48814 --- [Campus Chapter Organizer] [  restartedMain] o.f.c.internal.database.base.Database    : Flyway upgrade recommended: H2 2.2.224 is newer than this version of Flyway and support has not been tested. The latest supported version of H2 is 2.2.220.
2025-10-27T15:56:54.416-06:00  INFO 48814 --- [Campus Chapter Organizer] [  restartedMain] o.f.c.i.s.JdbcTableSchemaHistory         : Schema history table "PUBLIC"."flyway_schema_history" does not exist yet
2025-10-27T15:56:54.416-06:00  INFO 48814 --- [Campus Chapter Organizer] [  restartedMain] o.f.core.internal.command.DbValidate     : Successfully validated 4 migrations (execution time 00:00.001s)
2025-10-27T15:56:54.417-06:00  INFO 48814 --- [Campus Chapter Organizer] [  restartedMain] o.f.c.i.s.JdbcTableSchemaHistory         : Creating Schema History table "PUBLIC"."flyway_schema_history" ...
2025-10-27T15:56:54.425-06:00  INFO 48814 --- [Campus Chapter Organizer] [  restartedMain] o.f.core.internal.command.DbMigrate      : Current version of schema "PUBLIC": << Empty Schema >>
2025-10-27T15:56:54.428-06:00  INFO 48814 --- [Campus Chapter Organizer] [  restartedMain] o.f.core.internal.command.DbMigrate      : Migrating schema "PUBLIC" to version "1 - Create initial tables"
2025-10-27T15:56:54.433-06:00  INFO 48814 --- [Campus Chapter Organizer] [  restartedMain] o.f.core.internal.command.DbMigrate      : Migrating schema "PUBLIC" to version "2 - Add institutions table"
2025-10-27T15:56:54.436-06:00  INFO 48814 --- [Campus Chapter Organizer] [  restartedMain] o.f.core.internal.command.DbMigrate      : Migrating schema "PUBLIC" to version "3 - Migrate existing chapters to institutions"
2025-10-27T15:56:54.437-06:00  INFO 48814 --- [Campus Chapter Organizer] [  restartedMain] o.f.core.internal.command.DbMigrate      : Migrating schema "PUBLIC" to version "4 - Create audit logs table"
2025-10-27T15:56:54.439-06:00  INFO 48814 --- [Campus Chapter Organizer] [  restartedMain] o.f.core.internal.command.DbMigrate      : Successfully applied 4 migrations to schema "PUBLIC", now at version v4 (execution time 00:00.004s)
2025-10-27T15:56:54.450-06:00  INFO 48814 --- [Campus Chapter Organizer] [  restartedMain] o.hibernate.jpa.internal.util.LogHelper  : HHH000204: Processing PersistenceUnitInfo [name: default]
2025-10-27T15:56:54.451-06:00  INFO 48814 --- [Campus Chapter Organizer] [  restartedMain] o.h.c.internal.RegionFactoryInitiator    : HHH000026: Second-level cache disabled
2025-10-27T15:56:54.453-06:00  INFO 48814 --- [Campus Chapter Organizer] [  restartedMain] o.s.o.j.p.SpringPersistenceUnitInfo      : No LoadTimeWeaver setup: ignoring JPA class transformer
2025-10-27T15:56:54.453-06:00  WARN 48814 --- [Campus Chapter Organizer] [  restartedMain] org.hibernate.orm.deprecation            : HHH90000025: H2Dialect does not need to be specified explicitly using 'hibernate.dialect' (remove the property setting and it will be selected by default)
2025-10-27T15:56:54.561-06:00  INFO 48814 --- [Campus Chapter Organizer] [  restartedMain] o.h.e.t.j.p.i.JtaPlatformInitiator       : HHH000489: No JTA platform available (set 'hibernate.transaction.jta.platform' to enable JTA platform integration)
2025-10-27T15:56:54.569-06:00  INFO 48814 --- [Campus Chapter Organizer] [  restartedMain] j.LocalContainerEntityManagerFactoryBean : Initialized JPA EntityManagerFactory for persistence unit 'default'
2025-10-27T15:56:54.812-06:00  WARN 48814 --- [Campus Chapter Organizer] [  restartedMain] JpaBaseConfiguration$JpaWebConfiguration : spring.jpa.open-in-view is enabled by default. Therefore, database queries may be performed during view rendering. Explicitly configure spring.jpa.open-in-view to disable this warning
2025-10-27T15:56:54.819-06:00  WARN 48814 --- [Campus Chapter Organizer] [  restartedMain] .s.s.UserDetailsServiceAutoConfiguration : 

Using generated security password: 3dd281b2-9843-48de-a2b5-5eef394ccb91

This generated password is for development use only. Your security configuration must be updated before running your application in production.

2025-10-27T15:56:54.820-06:00  INFO 48814 --- [Campus Chapter Organizer] [  restartedMain] r$InitializeUserDetailsManagerConfigurer : Global AuthenticationManager configured with UserDetailsService bean with name inMemoryUserDetailsManager
2025-10-27T15:56:54.833-06:00  INFO 48814 --- [Campus Chapter Organizer] [  restartedMain] o.s.b.a.w.s.WelcomePageHandlerMapping    : Adding welcome page: class path resource [static/index.html]
2025-10-27T15:56:54.887-06:00  INFO 48814 --- [Campus Chapter Organizer] [  restartedMain] o.s.b.a.e.web.EndpointLinksResolver      : Exposing 1 endpoint beneath base path '/actuator'
2025-10-27T15:56:54.941-06:00  WARN 48814 --- [Campus Chapter Organizer] [  restartedMain] ion$DefaultTemplateResolverConfiguration : Cannot find template location: classpath:/templates/ (please add some templates, check your Thymeleaf configuration, or set spring.thymeleaf.check-template-location=false)
2025-10-27T15:56:55.003-06:00  INFO 48814 --- [Campus Chapter Organizer] [  restartedMain] o.s.b.d.a.OptionalLiveReloadServer       : LiveReload server is running on port 35729
2025-10-27T15:56:55.013-06:00  INFO 48814 --- [Campus Chapter Organizer] [  restartedMain] o.s.b.w.embedded.tomcat.TomcatWebServer  : Tomcat started on port 8080 (http) with context path '/'
2025-10-27T15:56:55.013-06:00  INFO 48814 --- [Campus Chapter Organizer] [  restartedMain] o.s.m.s.b.SimpleBrokerMessageHandler     : Starting...
2025-10-27T15:56:55.013-06:00  INFO 48814 --- [Campus Chapter Organizer] [  restartedMain] o.s.m.s.b.SimpleBrokerMessageHandler     : BrokerAvailabilityEvent[available=true, SimpleBrokerMessageHandler [org.springframework.messaging.simp.broker.DefaultSubscriptionRegistry@3147d932]]
2025-10-27T15:56:55.013-06:00  INFO 48814 --- [Campus Chapter Organizer] [  restartedMain] o.s.m.s.b.SimpleBrokerMessageHandler     : Started.
2025-10-27T15:56:55.017-06:00  INFO 48814 --- [Campus Chapter Organizer] [  restartedMain] c.t.c.CampusChapterOrganizerApplication  : Started CampusChapterOrganizerApplication in 0.853 seconds (process running for 233.624)
Initializing comprehensive Turning Point USA chapter data for all 50 states...
Creating test user with roles and permissions...
Test user created with ID: 1
Test user created successfully:
Username: testuser
Password: password123
Email: testuser@turningpoint.org
Role: TEST_USER with 6 permissions
Sample data initialization completed successfully!
Created 52 chapters, 839 members, and 224 events across all 50 states.
2025-10-27T15:56:55.102-06:00  INFO 48814 --- [Campus Chapter Organizer] [  restartedMain] .ConditionEvaluationDeltaLoggingListener : Condition evaluation unchanged
2025-10-27T15:57:55.015-06:00  INFO 48814 --- [Campus Chapter Organizer] [MessageBroker-1] o.s.w.s.c.WebSocketMessageBrokerStats    : WebSocketSession[0 current WS(0)-HttpStream(0)-HttpPoll(0), 0 total, 0 closed abnormally (0 connect failure, 0 send limit, 0 transport error)], stompSubProtocol[processed CONNECT(0)-CONNECTED(0)-DISCONNECT(0)], stompBrokerRelay[null], inboundChannel[pool size = 0, active threads = 0, queued tasks = 0, completed tasks = 0], outboundChannel[pool size = 0, active threads = 0, queued tasks = 0, completed tasks = 0], sockJsScheduler[pool size = 1, active threads = 1, queued tasks = 0, completed tasks = 0]
2025-10-27T16:00:00.139-06:00  INFO 48814 --- [Campus Chapter Organizer] [nio-8080-exec-1] o.a.c.c.C.[Tomcat].[localhost].[/]       : Initializing Spring DispatcherServlet 'dispatcherServlet'
2025-10-27T16:00:00.139-06:00  INFO 48814 --- [Campus Chapter Organizer] [nio-8080-exec-1] o.s.web.servlet.DispatcherServlet        : Initializing Servlet 'dispatcherServlet'
2025-10-27T16:00:00.140-06:00  INFO 48814 --- [Campus Chapter Organizer] [nio-8080-exec-1] o.s.web.servlet.DispatcherServlet        : Completed initialization in 1 ms
2025-10-27T16:10:07.326-06:00  INFO 48814 --- [Campus Chapter Organizer] [ionShutdownHook] o.s.m.s.b.SimpleBrokerMessageHandler     : Stopping...
2025-10-27T16:10:07.327-06:00  INFO 48814 --- [Campus Chapter Organizer] [ionShutdownHook] o.s.m.s.b.SimpleBrokerMessageHandler     : BrokerAvailabilityEvent[available=false, SimpleBrokerMessageHandler [org.springframework.messaging.simp.broker.DefaultSubscriptionRegistry@3147d932]]
2025-10-27T16:10:07.327-06:00  INFO 48814 --- [Campus Chapter Organizer] [ionShutdownHook] o.s.m.s.b.SimpleBrokerMessageHandler     : Stopped.
2025-10-27T16:10:07.343-06:00  INFO 48814 --- [Campus Chapter Organizer] [ionShutdownHook] j.LocalContainerEntityManagerFactoryBean : Closing JPA EntityManagerFactory for persistence unit 'default'
2025-10-27T16:10:07.351-06:00  WARN 48814 --- [Campus Chapter Organizer] [ionShutdownHook] o.s.b.f.support.DisposableBeanAdapter    : Invocation of destroy method failed on bean with name 'inMemoryDatabaseShutdownExecutor': org.h2.jdbc.JdbcSQLNonTransientConnectionException: Database is already closed (to disable automatic closing at VM shutdown, add ";DB_CLOSE_ON_EXIT=FALSE" to the db URL) [90121-224]
2025-10-27T16:10:07.353-06:00  INFO 48814 --- [Campus Chapter Organizer] [ionShutdownHook] com.zaxxer.hikari.HikariDataSource       : HikariPool-2 - Shutdown initiated...
2025-10-27T16:10:07.357-06:00  INFO 48814 --- [Campus Chapter Organizer] [ionShutdownHook] com.zaxxer.hikari.HikariDataSource       : HikariPool-2 - Shutdown completed.
