WARNING: A terminally deprecated method in sun.misc.Unsafe has been called
WARNING: sun.misc.Unsafe::staticFieldBase has been called by com.google.inject.internal.aop.HiddenClassDefiner (file:/opt/homebrew/Cellar/maven/3.9.11/libexec/lib/guice-5.1.0-classes.jar)
WARNING: Please consider reporting this to the maintainers of class com.google.inject.internal.aop.HiddenClassDefiner
WARNING: sun.misc.Unsafe::staticFieldBase will be removed in a future release
[INFO] Scanning for projects...
[INFO] 
[INFO] -------------< com.turningpoint:campus-chapter-organizer >--------------
[INFO] Building Campus Chapter Organizer 1.0.0-SNAPSHOT
[INFO]   from pom.xml
[INFO] --------------------------------[ jar ]---------------------------------
[INFO] 
[INFO] >>> spring-boot:3.3.6:run (default-cli) > test-compile @ campus-chapter-organizer >>>
[INFO] 
[INFO] --- resources:3.3.1:resources (default-resources) @ campus-chapter-organizer ---
[INFO] Copying 3 resources from src/main/resources to target/classes
[INFO] Copying 4 resources from src/main/resources to target/classes
[INFO] 
[INFO] --- compiler:3.13.0:compile (default-compile) @ campus-chapter-organizer ---
[INFO] Nothing to compile - all classes are up to date.
[INFO] 
[INFO] --- resources:3.3.1:testResources (default-testResources) @ campus-chapter-organizer ---
[INFO] Copying 1 resource from src/test/resources to target/test-classes
[INFO] 
[INFO] --- compiler:3.13.0:testCompile (default-testCompile) @ campus-chapter-organizer ---
[INFO] Nothing to compile - all classes are up to date.
[INFO] 
[INFO] <<< spring-boot:3.3.6:run (default-cli) < test-compile @ campus-chapter-organizer <<<
[INFO] 
[INFO] 
[INFO] --- spring-boot:3.3.6:run (default-cli) @ campus-chapter-organizer ---
[INFO] Attaching agents: []

  .   ____          _            __ _ _
 /\\ / ___'_ __ _ _(_)_ __  __ _ \ \ \ \
( ( )\___ | '_ | '_| | '_ \/ _` | \ \ \ \
 \\/  ___)| |_)| | | | | || (_| |  ) ) ) )
  '  |____| .__|_| |_|_| |_\__, | / / / /
 =========|_|==============|___/=/_/_/_/

 :: Spring Boot ::                (v3.3.6)

2025-10-21T15:44:09.504-06:00  INFO 7746 --- [Campus Chapter Organizer] [  restartedMain] c.t.c.CampusChapterOrganizerApplication  : Starting CampusChapterOrganizerApplication using Java 25 with PID 7746 (/Users/benh/Documents/StartAChapter/target/classes started by benh in /Users/benh/Documents/StartAChapter)
2025-10-21T15:44:09.505-06:00 DEBUG 7746 --- [Campus Chapter Organizer] [  restartedMain] c.t.c.CampusChapterOrganizerApplication  : Running with Spring Boot v3.3.6, Spring v6.1.15
2025-10-21T15:44:09.505-06:00  INFO 7746 --- [Campus Chapter Organizer] [  restartedMain] c.t.c.CampusChapterOrganizerApplication  : No active profile set, falling back to 1 default profile: "default"
2025-10-21T15:44:09.522-06:00  INFO 7746 --- [Campus Chapter Organizer] [  restartedMain] .e.DevToolsPropertyDefaultsPostProcessor : Devtools property defaults active! Set 'spring.devtools.add-properties' to 'false' to disable
2025-10-21T15:44:09.522-06:00  INFO 7746 --- [Campus Chapter Organizer] [  restartedMain] .e.DevToolsPropertyDefaultsPostProcessor : For additional web related logging consider setting the 'logging.level.web' property to 'DEBUG'
2025-10-21T15:44:09.818-06:00  INFO 7746 --- [Campus Chapter Organizer] [  restartedMain] .s.d.r.c.RepositoryConfigurationDelegate : Bootstrapping Spring Data JPA repositories in DEFAULT mode.
2025-10-21T15:44:09.841-06:00  INFO 7746 --- [Campus Chapter Organizer] [  restartedMain] .s.d.r.c.RepositoryConfigurationDelegate : Finished Spring Data repository scanning in 21 ms. Found 13 JPA repository interfaces.
WARNING: A restricted method in java.lang.System has been called
WARNING: java.lang.System::load has been called by org.apache.tomcat.jni.Library in an unnamed module (file:/Users/benh/.m2/repository/org/apache/tomcat/embed/tomcat-embed-core/10.1.33/tomcat-embed-core-10.1.33.jar)
WARNING: Use --enable-native-access=ALL-UNNAMED to avoid a warning for callers in this module
WARNING: Restricted methods will be blocked in a future release unless native access is enabled

2025-10-21T15:44:10.067-06:00  INFO 7746 --- [Campus Chapter Organizer] [  restartedMain] o.s.b.w.embedded.tomcat.TomcatWebServer  : Tomcat initialized with port 8080 (http)
2025-10-21T15:44:10.071-06:00  INFO 7746 --- [Campus Chapter Organizer] [  restartedMain] o.apache.catalina.core.StandardService   : Starting service [Tomcat]
2025-10-21T15:44:10.071-06:00  INFO 7746 --- [Campus Chapter Organizer] [  restartedMain] o.apache.catalina.core.StandardEngine    : Starting Servlet engine: [Apache Tomcat/10.1.33]
2025-10-21T15:44:10.082-06:00  INFO 7746 --- [Campus Chapter Organizer] [  restartedMain] o.a.c.c.C.[Tomcat].[localhost].[/]       : Initializing Spring embedded WebApplicationContext
2025-10-21T15:44:10.082-06:00  INFO 7746 --- [Campus Chapter Organizer] [  restartedMain] w.s.c.ServletWebServerApplicationContext : Root WebApplicationContext: initialization completed in 560 ms
2025-10-21T15:44:10.120-06:00  INFO 7746 --- [Campus Chapter Organizer] [  restartedMain] com.zaxxer.hikari.HikariDataSource       : HikariPool-1 - Starting...
2025-10-21T15:44:10.178-06:00  INFO 7746 --- [Campus Chapter Organizer] [  restartedMain] com.zaxxer.hikari.pool.HikariPool        : HikariPool-1 - Added connection conn0: url=jdbc:h2:mem:chapterdb user=SA
2025-10-21T15:44:10.179-06:00  INFO 7746 --- [Campus Chapter Organizer] [  restartedMain] com.zaxxer.hikari.HikariDataSource       : HikariPool-1 - Start completed.
2025-10-21T15:44:10.183-06:00  INFO 7746 --- [Campus Chapter Organizer] [  restartedMain] o.s.b.a.h2.H2ConsoleAutoConfiguration    : H2 console available at '/h2-console'. Database available at 'jdbc:h2:mem:chapterdb'
2025-10-21T15:44:10.266-06:00  INFO 7746 --- [Campus Chapter Organizer] [  restartedMain] org.flywaydb.core.FlywayExecutor         : Database: jdbc:h2:mem:chapterdb (H2 2.2)
2025-10-21T15:44:10.267-06:00  WARN 7746 --- [Campus Chapter Organizer] [  restartedMain] o.f.c.internal.database.base.Database    : Flyway upgrade recommended: H2 2.2.224 is newer than this version of Flyway and support has not been tested. The latest supported version of H2 is 2.2.220.
2025-10-21T15:44:10.273-06:00  INFO 7746 --- [Campus Chapter Organizer] [  restartedMain] o.f.c.i.s.JdbcTableSchemaHistory         : Schema history table "PUBLIC"."flyway_schema_history" does not exist yet
2025-10-21T15:44:10.275-06:00  INFO 7746 --- [Campus Chapter Organizer] [  restartedMain] o.f.core.internal.command.DbValidate     : Successfully validated 4 migrations (execution time 00:00.004s)
2025-10-21T15:44:10.276-06:00  INFO 7746 --- [Campus Chapter Organizer] [  restartedMain] o.f.c.i.s.JdbcTableSchemaHistory         : Creating Schema History table "PUBLIC"."flyway_schema_history" ...
2025-10-21T15:44:10.286-06:00  INFO 7746 --- [Campus Chapter Organizer] [  restartedMain] o.f.core.internal.command.DbMigrate      : Current version of schema "PUBLIC": << Empty Schema >>
2025-10-21T15:44:10.289-06:00  INFO 7746 --- [Campus Chapter Organizer] [  restartedMain] o.f.core.internal.command.DbMigrate      : Migrating schema "PUBLIC" to version "1 - Create initial tables"
2025-10-21T15:44:10.299-06:00  INFO 7746 --- [Campus Chapter Organizer] [  restartedMain] o.f.core.internal.command.DbMigrate      : Migrating schema "PUBLIC" to version "2 - Add institutions table"
2025-10-21T15:44:10.306-06:00  INFO 7746 --- [Campus Chapter Organizer] [  restartedMain] o.f.core.internal.command.DbMigrate      : Migrating schema "PUBLIC" to version "3 - Migrate existing chapters to institutions"
2025-10-21T15:44:10.309-06:00  INFO 7746 --- [Campus Chapter Organizer] [  restartedMain] o.f.core.internal.command.DbMigrate      : Migrating schema "PUBLIC" to version "4 - Create audit logs table"
2025-10-21T15:44:10.312-06:00  INFO 7746 --- [Campus Chapter Organizer] [  restartedMain] o.f.core.internal.command.DbMigrate      : Successfully applied 4 migrations to schema "PUBLIC", now at version v4 (execution time 00:00.013s)
2025-10-21T15:44:10.344-06:00  INFO 7746 --- [Campus Chapter Organizer] [  restartedMain] o.hibernate.jpa.internal.util.LogHelper  : HHH000204: Processing PersistenceUnitInfo [name: default]
2025-10-21T15:44:10.363-06:00  INFO 7746 --- [Campus Chapter Organizer] [  restartedMain] org.hibernate.Version                    : HHH000412: Hibernate ORM core version 6.5.3.Final
2025-10-21T15:44:10.371-06:00  INFO 7746 --- [Campus Chapter Organizer] [  restartedMain] o.h.c.internal.RegionFactoryInitiator    : HHH000026: Second-level cache disabled
2025-10-21T15:44:10.443-06:00  INFO 7746 --- [Campus Chapter Organizer] [  restartedMain] o.s.o.j.p.SpringPersistenceUnitInfo      : No LoadTimeWeaver setup: ignoring JPA class transformer
2025-10-21T15:44:10.455-06:00  WARN 7746 --- [Campus Chapter Organizer] [  restartedMain] org.hibernate.orm.deprecation            : HHH90000025: H2Dialect does not need to be specified explicitly using 'hibernate.dialect' (remove the property setting and it will be selected by default)
2025-10-21T15:44:10.823-06:00  INFO 7746 --- [Campus Chapter Organizer] [  restartedMain] o.h.e.t.j.p.i.JtaPlatformInitiator       : HHH000489: No JTA platform available (set 'hibernate.transaction.jta.platform' to enable JTA platform integration)
2025-10-21T15:44:10.826-06:00 DEBUG 7746 --- [Campus Chapter Organizer] [  restartedMain] org.hibernate.SQL                        : 
    drop table if exists audit_logs cascade 
Hibernate: 
    drop table if exists audit_logs cascade 
2025-10-21T15:44:10.827-06:00 DEBUG 7746 --- [Campus Chapter Organizer] [  restartedMain] org.hibernate.SQL                        : 
    drop table if exists chapters cascade 
Hibernate: 
    drop table if exists chapters cascade 
2025-10-21T15:44:10.827-06:00 DEBUG 7746 --- [Campus Chapter Organizer] [  restartedMain] org.hibernate.SQL                        : 
    drop table if exists event_rsvps cascade 
Hibernate: 
    drop table if exists event_rsvps cascade 
2025-10-21T15:44:10.827-06:00 DEBUG 7746 --- [Campus Chapter Organizer] [  restartedMain] org.hibernate.SQL                        : 
    drop table if exists events cascade 
Hibernate: 
    drop table if exists events cascade 
2025-10-21T15:44:10.828-06:00 DEBUG 7746 --- [Campus Chapter Organizer] [  restartedMain] org.hibernate.SQL                        : 
    drop table if exists institutions cascade 
Hibernate: 
    drop table if exists institutions cascade 
2025-10-21T15:44:10.828-06:00 DEBUG 7746 --- [Campus Chapter Organizer] [  restartedMain] org.hibernate.SQL                        : 
    drop table if exists members cascade 
Hibernate: 
    drop table if exists members cascade 
2025-10-21T15:44:10.829-06:00 DEBUG 7746 --- [Campus Chapter Organizer] [  restartedMain] org.hibernate.SQL                        : 
    drop table if exists operational_metrics cascade 
Hibernate: 
    drop table if exists operational_metrics cascade 
2025-10-21T15:44:10.829-06:00 DEBUG 7746 --- [Campus Chapter Organizer] [  restartedMain] org.hibernate.SQL                        : 
    drop table if exists permissions cascade 
Hibernate: 
    drop table if exists permissions cascade 
2025-10-21T15:44:10.829-06:00 DEBUG 7746 --- [Campus Chapter Organizer] [  restartedMain] org.hibernate.SQL                        : 
    drop table if exists recurring_events cascade 
Hibernate: 
    drop table if exists recurring_events cascade 
2025-10-21T15:44:10.829-06:00 DEBUG 7746 --- [Campus Chapter Organizer] [  restartedMain] org.hibernate.SQL                        : 
    drop table if exists role_permissions cascade 
Hibernate: 
    drop table if exists role_permissions cascade 
2025-10-21T15:44:10.829-06:00 DEBUG 7746 --- [Campus Chapter Organizer] [  restartedMain] org.hibernate.SQL                        : 
    drop table if exists roles cascade 
Hibernate: 
    drop table if exists roles cascade 
2025-10-21T15:44:10.829-06:00 DEBUG 7746 --- [Campus Chapter Organizer] [  restartedMain] org.hibernate.SQL                        : 
    drop table if exists user_roles cascade 
Hibernate: 
    drop table if exists user_roles cascade 
2025-10-21T15:44:10.831-06:00 DEBUG 7746 --- [Campus Chapter Organizer] [  restartedMain] org.hibernate.SQL                        : 
    create table audit_logs (
        success boolean not null,
        chapter_id bigint,
        entity_id bigint,
        id bigint generated by default as identity,
        timestamp timestamp(6) not null,
        description varchar(500),
        entity_type varchar(255) not null,
        error_message varchar(255),
        ip_address varchar(255),
        new_values TEXT,
        old_values TEXT,
        user_agent varchar(255),
        user_identifier varchar(255),
        action enum ('ACTIVATE','ATTENDANCE','CREATE','DEACTIVATE','DELETE','EXPORT','IMPORT','LOGIN','LOGOUT','RSVP','SYSTEM','UPDATE','VIEW') not null,
        primary key (id)
    )
Hibernate: 
    create table audit_logs (
        success boolean not null,
        chapter_id bigint,
        entity_id bigint,
        id bigint generated by default as identity,
        timestamp timestamp(6) not null,
        description varchar(500),
        entity_type varchar(255) not null,
        error_message varchar(255),
        ip_address varchar(255),
        new_values TEXT,
        old_values TEXT,
        user_agent varchar(255),
        user_identifier varchar(255),
        action enum ('ACTIVATE','ATTENDANCE','CREATE','DEACTIVATE','DELETE','EXPORT','IMPORT','LOGIN','LOGOUT','RSVP','SYSTEM','UPDATE','VIEW') not null,
        primary key (id)
    )
2025-10-21T15:44:10.831-06:00 DEBUG 7746 --- [Campus Chapter Organizer] [  restartedMain] org.hibernate.SQL                        : 
    create table chapters (
        active boolean not null,
        created_at timestamp(6) not null,
        founded_date timestamp(6),
        id bigint generated by default as identity,
        institution_id bigint,
        updated_at timestamp(6),
        name varchar(100) not null unique,
        description varchar(500),
        city varchar(255),
        state varchar(255),
        university_name varchar(255),
        primary key (id)
    )
Hibernate: 
    create table chapters (
        active boolean not null,
        created_at timestamp(6) not null,
        founded_date timestamp(6),
        id bigint generated by default as identity,
        institution_id bigint,
        updated_at timestamp(6),
        name varchar(100) not null unique,
        description varchar(500),
        city varchar(255),
        state varchar(255),
        university_name varchar(255),
        primary key (id)
    )
2025-10-21T15:44:10.832-06:00 DEBUG 7746 --- [Campus Chapter Organizer] [  restartedMain] org.hibernate.SQL                        : 
    create table event_rsvps (
        attended boolean,
        created_at timestamp(6) not null,
        event_id bigint not null,
        id bigint generated by default as identity,
        member_id bigint not null,
        rsvp_date timestamp(6) not null,
        updated_at timestamp(6),
        notes varchar(500),
        status enum ('ATTENDING','MAYBE','NOT_ATTENDING','PENDING','WAITLIST') not null,
        primary key (id),
        unique (event_id, member_id)
    )
Hibernate: 
    create table event_rsvps (
        attended boolean,
        created_at timestamp(6) not null,
        event_id bigint not null,
        id bigint generated by default as identity,
        member_id bigint not null,
        rsvp_date timestamp(6) not null,
        updated_at timestamp(6),
        notes varchar(500),
        status enum ('ATTENDING','MAYBE','NOT_ATTENDING','PENDING','WAITLIST') not null,
        primary key (id),
        unique (event_id, member_id)
    )
2025-10-21T15:44:10.832-06:00 DEBUG 7746 --- [Campus Chapter Organizer] [  restartedMain] org.hibernate.SQL                        : 
    create table events (
        active boolean not null,
        current_attendees integer,
        max_attendees integer,
        chapter_id bigint not null,
        created_at timestamp(6) not null,
        event_date_time timestamp(6) not null,
        id bigint generated by default as identity,
        updated_at timestamp(6),
        title varchar(150) not null,
        location varchar(200),
        description varchar(1000),
        type enum ('EDUCATIONAL','FUNDRAISER','MEETING','NETWORKING','OTHER','POLITICAL','RECRUITMENT','SOCIAL','VOLUNTEER') not null,
        primary key (id)
    )
Hibernate: 
    create table events (
        active boolean not null,
        current_attendees integer,
        max_attendees integer,
        chapter_id bigint not null,
        created_at timestamp(6) not null,
        event_date_time timestamp(6) not null,
        id bigint generated by default as identity,
        updated_at timestamp(6),
        title varchar(150) not null,
        location varchar(200),
        description varchar(1000),
        type enum ('EDUCATIONAL','FUNDRAISER','MEETING','NETWORKING','OTHER','POLITICAL','RECRUITMENT','SOCIAL','VOLUNTEER') not null,
        primary key (id)
    )
2025-10-21T15:44:10.833-06:00 DEBUG 7746 --- [Campus Chapter Organizer] [  restartedMain] org.hibernate.SQL                        : 
    create table institutions (
        founded_year integer,
        membership_size integer,
        student_population integer,
        created_at timestamp(6) not null,
        id bigint generated by default as identity,
        updated_at timestamp(6),
        zip_code varchar(20),
        institution_type varchar(31) not null,
        accreditation varchar(50),
        state varchar(50) not null,
        city varchar(100) not null,
        denomination varchar(100),
        pastor_name varchar(100),
        university_type varchar(100),
        name varchar(150) not null,
        address varchar(200),
        website varchar(200),
        description varchar(500),
        primary key (id)
    )
Hibernate: 
    create table institutions (
        founded_year integer,
        membership_size integer,
        student_population integer,
        created_at timestamp(6) not null,
        id bigint generated by default as identity,
        updated_at timestamp(6),
        zip_code varchar(20),
        institution_type varchar(31) not null,
        accreditation varchar(50),
        state varchar(50) not null,
        city varchar(100) not null,
        denomination varchar(100),
        pastor_name varchar(100),
        university_type varchar(100),
        name varchar(150) not null,
        address varchar(200),
        website varchar(200),
        description varchar(500),
        primary key (id)
    )
2025-10-21T15:44:10.834-06:00 DEBUG 7746 --- [Campus Chapter Organizer] [  restartedMain] org.hibernate.SQL                        : 
    create table members (
        active boolean not null,
        chapter_id bigint,
        created_at timestamp(6) not null,
        id bigint generated by default as identity,
        updated_at timestamp(6),
        phone_number varchar(15),
        graduation_year varchar(20),
        first_name varchar(50) not null,
        last_name varchar(50) not null,
        major varchar(50),
        username varchar(50) unique,
        email varchar(255) not null unique,
        password_hash varchar(255),
        role enum ('MEMBER','OFFICER','PRESIDENT','SECRETARY','TREASURER','VICE_PRESIDENT') not null,
        primary key (id)
    )
Hibernate: 
    create table members (
        active boolean not null,
        chapter_id bigint,
        created_at timestamp(6) not null,
        id bigint generated by default as identity,
        updated_at timestamp(6),
        phone_number varchar(15),
        graduation_year varchar(20),
        first_name varchar(50) not null,
        last_name varchar(50) not null,
        major varchar(50),
        username varchar(50) unique,
        email varchar(255) not null unique,
        password_hash varchar(255),
        role enum ('MEMBER','OFFICER','PRESIDENT','SECRETARY','TREASURER','VICE_PRESIDENT') not null,
        primary key (id)
    )
2025-10-21T15:44:10.834-06:00 DEBUG 7746 --- [Campus Chapter Organizer] [  restartedMain] org.hibernate.SQL                        : 
    create table operational_metrics (
        metric_date date not null,
        metric_value float(53) not null,
        chapter_id bigint,
        created_at timestamp(6) not null,
        id bigint generated by default as identity,
        category varchar(255),
        description varchar(255),
        metric_name varchar(255) not null,
        metric_unit varchar(255),
        tags varchar(255),
        primary key (id)
    )
Hibernate: 
    create table operational_metrics (
        metric_date date not null,
        metric_value float(53) not null,
        chapter_id bigint,
        created_at timestamp(6) not null,
        id bigint generated by default as identity,
        category varchar(255),
        description varchar(255),
        metric_name varchar(255) not null,
        metric_unit varchar(255),
        tags varchar(255),
        primary key (id)
    )
2025-10-21T15:44:10.835-06:00 DEBUG 7746 --- [Campus Chapter Organizer] [  restartedMain] org.hibernate.SQL                        : 
    create table permissions (
        is_system_permission boolean not null,
        created_at timestamp(6) not null,
        id bigint generated by default as identity,
        updated_at timestamp(6),
        action varchar(50) not null,
        resource varchar(50) not null,
        name varchar(100) not null unique,
        description varchar(255),
        primary key (id)
    )
Hibernate: 
    create table permissions (
        is_system_permission boolean not null,
        created_at timestamp(6) not null,
        id bigint generated by default as identity,
        updated_at timestamp(6),
        action varchar(50) not null,
        resource varchar(50) not null,
        name varchar(100) not null unique,
        description varchar(255),
        primary key (id)
    )
2025-10-21T15:44:10.835-06:00 DEBUG 7746 --- [Campus Chapter Organizer] [  restartedMain] org.hibernate.SQL                        : 
    create table recurring_events (
        active boolean not null,
        max_occurrences integer,
        occurrences_created integer,
        recurrence_interval integer not null,
        base_event_id bigint not null unique,
        created_at timestamp(6) not null,
        end_date timestamp(6),
        id bigint generated by default as identity,
        updated_at timestamp(6),
        pattern enum ('DAILY','MONTHLY','WEEKLY','YEARLY') not null,
        primary key (id)
    )
Hibernate: 
    create table recurring_events (
        active boolean not null,
        max_occurrences integer,
        occurrences_created integer,
        recurrence_interval integer not null,
        base_event_id bigint not null unique,
        created_at timestamp(6) not null,
        end_date timestamp(6),
        id bigint generated by default as identity,
        updated_at timestamp(6),
        pattern enum ('DAILY','MONTHLY','WEEKLY','YEARLY') not null,
        primary key (id)
    )
2025-10-21T15:44:10.836-06:00 DEBUG 7746 --- [Campus Chapter Organizer] [  restartedMain] org.hibernate.SQL                        : 
    create table role_permissions (
        permission_id bigint not null,
        role_id bigint not null,
        primary key (permission_id, role_id)
    )
Hibernate: 
    create table role_permissions (
        permission_id bigint not null,
        role_id bigint not null,
        primary key (permission_id, role_id)
    )
2025-10-21T15:44:10.837-06:00 DEBUG 7746 --- [Campus Chapter Organizer] [  restartedMain] org.hibernate.SQL                        : 
    create table roles (
        hierarchy_level integer not null,
        is_assignable boolean not null,
        is_system_role boolean not null,
        created_at timestamp(6) not null,
        id bigint generated by default as identity,
        updated_at timestamp(6),
        name varchar(100) not null unique,
        description varchar(255),
        primary key (id)
    )
Hibernate: 
    create table roles (
        hierarchy_level integer not null,
        is_assignable boolean not null,
        is_system_role boolean not null,
        created_at timestamp(6) not null,
        id bigint generated by default as identity,
        updated_at timestamp(6),
        name varchar(100) not null unique,
        description varchar(255),
        primary key (id)
    )
2025-10-21T15:44:10.837-06:00 DEBUG 7746 --- [Campus Chapter Organizer] [  restartedMain] org.hibernate.SQL                        : 
    create table user_roles (
        is_active boolean not null,
        chapter_id bigint,
        expires_at timestamp(6),
        granted_at timestamp(6) not null,
        granted_by bigint,
        id bigint generated by default as identity,
        revoked_at timestamp(6),
        revoked_by bigint,
        role_id bigint not null,
        user_id bigint not null,
        revocation_reason varchar(255),
        primary key (id),
        unique (user_id, role_id, chapter_id)
    )
Hibernate: 
    create table user_roles (
        is_active boolean not null,
        chapter_id bigint,
        expires_at timestamp(6),
        granted_at timestamp(6) not null,
        granted_by bigint,
        id bigint generated by default as identity,
        revoked_at timestamp(6),
        revoked_by bigint,
        role_id bigint not null,
        user_id bigint not null,
        revocation_reason varchar(255),
        primary key (id),
        unique (user_id, role_id, chapter_id)
    )
2025-10-21T15:44:10.838-06:00 DEBUG 7746 --- [Campus Chapter Organizer] [  restartedMain] org.hibernate.SQL                        : 
    create index idx_permission_name 
       on permissions (name)
Hibernate: 
    create index idx_permission_name 
       on permissions (name)
2025-10-21T15:44:10.838-06:00 DEBUG 7746 --- [Campus Chapter Organizer] [  restartedMain] org.hibernate.SQL                        : 
    create index idx_permission_resource 
       on permissions (resource)
Hibernate: 
    create index idx_permission_resource 
       on permissions (resource)
2025-10-21T15:44:10.838-06:00 DEBUG 7746 --- [Campus Chapter Organizer] [  restartedMain] org.hibernate.SQL                        : 
    create index idx_permission_action 
       on permissions (action)
Hibernate: 
    create index idx_permission_action 
       on permissions (action)
2025-10-21T15:44:10.838-06:00 DEBUG 7746 --- [Campus Chapter Organizer] [  restartedMain] org.hibernate.SQL                        : 
    create index idx_role_permissions_role 
       on role_permissions (role_id)
Hibernate: 
    create index idx_role_permissions_role 
       on role_permissions (role_id)
2025-10-21T15:44:10.838-06:00 DEBUG 7746 --- [Campus Chapter Organizer] [  restartedMain] org.hibernate.SQL                        : 
    create index idx_role_permissions_permission 
       on role_permissions (permission_id)
Hibernate: 
    create index idx_role_permissions_permission 
       on role_permissions (permission_id)
2025-10-21T15:44:10.839-06:00 DEBUG 7746 --- [Campus Chapter Organizer] [  restartedMain] org.hibernate.SQL                        : 
    create index idx_role_name 
       on roles (name)
Hibernate: 
    create index idx_role_name 
       on roles (name)
2025-10-21T15:44:10.839-06:00 DEBUG 7746 --- [Campus Chapter Organizer] [  restartedMain] org.hibernate.SQL                        : 
    create index idx_role_level 
       on roles (hierarchy_level)
Hibernate: 
    create index idx_role_level 
       on roles (hierarchy_level)
2025-10-21T15:44:10.839-06:00 DEBUG 7746 --- [Campus Chapter Organizer] [  restartedMain] org.hibernate.SQL                        : 
    create index idx_user_roles_user 
       on user_roles (user_id)
Hibernate: 
    create index idx_user_roles_user 
       on user_roles (user_id)
2025-10-21T15:44:10.839-06:00 DEBUG 7746 --- [Campus Chapter Organizer] [  restartedMain] org.hibernate.SQL                        : 
    create index idx_user_roles_role 
       on user_roles (role_id)
Hibernate: 
    create index idx_user_roles_role 
       on user_roles (role_id)
2025-10-21T15:44:10.839-06:00 DEBUG 7746 --- [Campus Chapter Organizer] [  restartedMain] org.hibernate.SQL                        : 
    create index idx_user_roles_chapter 
       on user_roles (chapter_id)
Hibernate: 
    create index idx_user_roles_chapter 
       on user_roles (chapter_id)
2025-10-21T15:44:10.839-06:00 DEBUG 7746 --- [Campus Chapter Organizer] [  restartedMain] org.hibernate.SQL                        : 
    create index idx_user_roles_active 
       on user_roles (is_active)
Hibernate: 
    create index idx_user_roles_active 
       on user_roles (is_active)
2025-10-21T15:44:10.840-06:00 DEBUG 7746 --- [Campus Chapter Organizer] [  restartedMain] org.hibernate.SQL                        : 
    alter table if exists chapters 
       add constraint FK96pv6kwei3btbok889ne6gjjr 
       foreign key (institution_id) 
       references institutions
Hibernate: 
    alter table if exists chapters 
       add constraint FK96pv6kwei3btbok889ne6gjjr 
       foreign key (institution_id) 
       references institutions
2025-10-21T15:44:10.840-06:00 DEBUG 7746 --- [Campus Chapter Organizer] [  restartedMain] org.hibernate.SQL                        : 
    alter table if exists event_rsvps 
       add constraint FK46d4781rhlidxpk7m9qg0eqsy 
       foreign key (event_id) 
       references events
Hibernate: 
    alter table if exists event_rsvps 
       add constraint FK46d4781rhlidxpk7m9qg0eqsy 
       foreign key (event_id) 
       references events
2025-10-21T15:44:10.841-06:00 DEBUG 7746 --- [Campus Chapter Organizer] [  restartedMain] org.hibernate.SQL                        : 
    alter table if exists event_rsvps 
       add constraint FK2b6q6f94wyd2ysmuf8yso0e7g 
       foreign key (member_id) 
       references members
Hibernate: 
    alter table if exists event_rsvps 
       add constraint FK2b6q6f94wyd2ysmuf8yso0e7g 
       foreign key (member_id) 
       references members
2025-10-21T15:44:10.841-06:00 DEBUG 7746 --- [Campus Chapter Organizer] [  restartedMain] org.hibernate.SQL                        : 
    alter table if exists events 
       add constraint FKoh3x41cbsvxy46mbsb8baw2np 
       foreign key (chapter_id) 
       references chapters
Hibernate: 
    alter table if exists events 
       add constraint FKoh3x41cbsvxy46mbsb8baw2np 
       foreign key (chapter_id) 
       references chapters
2025-10-21T15:44:10.842-06:00 DEBUG 7746 --- [Campus Chapter Organizer] [  restartedMain] org.hibernate.SQL                        : 
    alter table if exists members 
       add constraint FKdlonkpslhqtyoonq9c3aaqha 
       foreign key (chapter_id) 
       references chapters
Hibernate: 
    alter table if exists members 
       add constraint FKdlonkpslhqtyoonq9c3aaqha 
       foreign key (chapter_id) 
       references chapters
2025-10-21T15:44:10.842-06:00 DEBUG 7746 --- [Campus Chapter Organizer] [  restartedMain] org.hibernate.SQL                        : 
    alter table if exists recurring_events 
       add constraint FKef7kks89bgxcriadk4tirst5v 
       foreign key (base_event_id) 
       references events
Hibernate: 
    alter table if exists recurring_events 
       add constraint FKef7kks89bgxcriadk4tirst5v 
       foreign key (base_event_id) 
       references events
2025-10-21T15:44:10.843-06:00 DEBUG 7746 --- [Campus Chapter Organizer] [  restartedMain] org.hibernate.SQL                        : 
    alter table if exists role_permissions 
       add constraint FKegdk29eiy7mdtefy5c7eirr6e 
       foreign key (permission_id) 
       references permissions
Hibernate: 
    alter table if exists role_permissions 
       add constraint FKegdk29eiy7mdtefy5c7eirr6e 
       foreign key (permission_id) 
       references permissions
2025-10-21T15:44:10.843-06:00 DEBUG 7746 --- [Campus Chapter Organizer] [  restartedMain] org.hibernate.SQL                        : 
    alter table if exists role_permissions 
       add constraint FKn5fotdgk8d1xvo8nav9uv3muc 
       foreign key (role_id) 
       references roles
Hibernate: 
    alter table if exists role_permissions 
       add constraint FKn5fotdgk8d1xvo8nav9uv3muc 
       foreign key (role_id) 
       references roles
2025-10-21T15:44:10.843-06:00 DEBUG 7746 --- [Campus Chapter Organizer] [  restartedMain] org.hibernate.SQL                        : 
    alter table if exists user_roles 
       add constraint FK30jswrs9h59ftxnyp31ericsg 
       foreign key (chapter_id) 
       references chapters
Hibernate: 
    alter table if exists user_roles 
       add constraint FK30jswrs9h59ftxnyp31ericsg 
       foreign key (chapter_id) 
       references chapters
2025-10-21T15:44:10.844-06:00 DEBUG 7746 --- [Campus Chapter Organizer] [  restartedMain] org.hibernate.SQL                        : 
    alter table if exists user_roles 
       add constraint FK5m9memp5o7o6ros5bxg74ljxg 
       foreign key (granted_by) 
       references members
Hibernate: 
    alter table if exists user_roles 
       add constraint FK5m9memp5o7o6ros5bxg74ljxg 
       foreign key (granted_by) 
       references members
2025-10-21T15:44:10.844-06:00 DEBUG 7746 --- [Campus Chapter Organizer] [  restartedMain] org.hibernate.SQL                        : 
    alter table if exists user_roles 
       add constraint FKrpaowgvijkqcfkk8fnqsdtcw 
       foreign key (revoked_by) 
       references members
Hibernate: 
    alter table if exists user_roles 
       add constraint FKrpaowgvijkqcfkk8fnqsdtcw 
       foreign key (revoked_by) 
       references members
2025-10-21T15:44:10.845-06:00 DEBUG 7746 --- [Campus Chapter Organizer] [  restartedMain] org.hibernate.SQL                        : 
    alter table if exists user_roles 
       add constraint FKh8ciramu9cc9q3qcqiv4ue8a6 
       foreign key (role_id) 
       references roles
Hibernate: 
    alter table if exists user_roles 
       add constraint FKh8ciramu9cc9q3qcqiv4ue8a6 
       foreign key (role_id) 
       references roles
2025-10-21T15:44:10.845-06:00 DEBUG 7746 --- [Campus Chapter Organizer] [  restartedMain] org.hibernate.SQL                        : 
    alter table if exists user_roles 
       add constraint FKattbjgji68n8fprbkmd64id2a 
       foreign key (user_id) 
       references members
Hibernate: 
    alter table if exists user_roles 
       add constraint FKattbjgji68n8fprbkmd64id2a 
       foreign key (user_id) 
       references members
2025-10-21T15:44:10.846-06:00  INFO 7746 --- [Campus Chapter Organizer] [  restartedMain] j.LocalContainerEntityManagerFactoryBean : Initialized JPA EntityManagerFactory for persistence unit 'default'
2025-10-21T15:44:10.948-06:00  INFO 7746 --- [Campus Chapter Organizer] [  restartedMain] o.s.d.j.r.query.QueryEnhancerFactory     : Hibernate is in classpath; If applicable, HQL parser will be used.
2025-10-21T15:44:11.524-06:00  WARN 7746 --- [Campus Chapter Organizer] [  restartedMain] JpaBaseConfiguration$JpaWebConfiguration : spring.jpa.open-in-view is enabled by default. Therefore, database queries may be performed during view rendering. Explicitly configure spring.jpa.open-in-view to disable this warning
2025-10-21T15:44:11.535-06:00  WARN 7746 --- [Campus Chapter Organizer] [  restartedMain] .s.s.UserDetailsServiceAutoConfiguration : 

Using generated security password: 67a9f100-44d4-4cf5-aaab-551c43b69449

This generated password is for development use only. Your security configuration must be updated before running your application in production.

2025-10-21T15:44:11.537-06:00  INFO 7746 --- [Campus Chapter Organizer] [  restartedMain] r$InitializeUserDetailsManagerConfigurer : Global AuthenticationManager configured with UserDetailsService bean with name inMemoryUserDetailsManager
2025-10-21T15:44:11.653-06:00  INFO 7746 --- [Campus Chapter Organizer] [  restartedMain] o.s.b.a.e.web.EndpointLinksResolver      : Exposing 1 endpoint beneath base path '/actuator'
2025-10-21T15:44:11.747-06:00  WARN 7746 --- [Campus Chapter Organizer] [  restartedMain] ion$DefaultTemplateResolverConfiguration : Cannot find template location: classpath:/templates/ (please add some templates, check your Thymeleaf configuration, or set spring.thymeleaf.check-template-location=false)
2025-10-21T15:44:11.854-06:00  WARN 7746 --- [Campus Chapter Organizer] [  restartedMain] o.s.b.d.a.OptionalLiveReloadServer       : Unable to start LiveReload server
2025-10-21T15:44:11.875-06:00  WARN 7746 --- [Campus Chapter Organizer] [  restartedMain] ConfigServletWebServerApplicationContext : Exception encountered during context initialization - cancelling refresh attempt: org.springframework.context.ApplicationContextException: Failed to start bean 'webServerStartStop'
2025-10-21T15:44:11.878-06:00  INFO 7746 --- [Campus Chapter Organizer] [  restartedMain] j.LocalContainerEntityManagerFactoryBean : Closing JPA EntityManagerFactory for persistence unit 'default'
2025-10-21T15:44:11.878-06:00 DEBUG 7746 --- [Campus Chapter Organizer] [  restartedMain] org.hibernate.SQL                        : 
    drop table if exists audit_logs cascade 
Hibernate: 
    drop table if exists audit_logs cascade 
2025-10-21T15:44:11.879-06:00 DEBUG 7746 --- [Campus Chapter Organizer] [  restartedMain] org.hibernate.SQL                        : 
    drop table if exists chapters cascade 
Hibernate: 
    drop table if exists chapters cascade 
2025-10-21T15:44:11.879-06:00 DEBUG 7746 --- [Campus Chapter Organizer] [  restartedMain] org.hibernate.SQL                        : 
    drop table if exists event_rsvps cascade 
Hibernate: 
    drop table if exists event_rsvps cascade 
2025-10-21T15:44:11.879-06:00 DEBUG 7746 --- [Campus Chapter Organizer] [  restartedMain] org.hibernate.SQL                        : 
    drop table if exists events cascade 
Hibernate: 
    drop table if exists events cascade 
2025-10-21T15:44:11.879-06:00 DEBUG 7746 --- [Campus Chapter Organizer] [  restartedMain] org.hibernate.SQL                        : 
    drop table if exists institutions cascade 
Hibernate: 
    drop table if exists institutions cascade 
2025-10-21T15:44:11.879-06:00 DEBUG 7746 --- [Campus Chapter Organizer] [  restartedMain] org.hibernate.SQL                        : 
    drop table if exists members cascade 
Hibernate: 
    drop table if exists members cascade 
2025-10-21T15:44:11.880-06:00 DEBUG 7746 --- [Campus Chapter Organizer] [  restartedMain] org.hibernate.SQL                        : 
    drop table if exists operational_metrics cascade 
Hibernate: 
    drop table if exists operational_metrics cascade 
2025-10-21T15:44:11.880-06:00 DEBUG 7746 --- [Campus Chapter Organizer] [  restartedMain] org.hibernate.SQL                        : 
    drop table if exists permissions cascade 
Hibernate: 
    drop table if exists permissions cascade 
2025-10-21T15:44:11.880-06:00 DEBUG 7746 --- [Campus Chapter Organizer] [  restartedMain] org.hibernate.SQL                        : 
    drop table if exists recurring_events cascade 
Hibernate: 
    drop table if exists recurring_events cascade 
2025-10-21T15:44:11.880-06:00 DEBUG 7746 --- [Campus Chapter Organizer] [  restartedMain] org.hibernate.SQL                        : 
    drop table if exists role_permissions cascade 
Hibernate: 
    drop table if exists role_permissions cascade 
2025-10-21T15:44:11.880-06:00 DEBUG 7746 --- [Campus Chapter Organizer] [  restartedMain] org.hibernate.SQL                        : 
    drop table if exists roles cascade 
Hibernate: 
    drop table if exists roles cascade 
2025-10-21T15:44:11.881-06:00 DEBUG 7746 --- [Campus Chapter Organizer] [  restartedMain] org.hibernate.SQL                        : 
    drop table if exists user_roles cascade 
Hibernate: 
    drop table if exists user_roles cascade 
2025-10-21T15:44:11.882-06:00  WARN 7746 --- [Campus Chapter Organizer] [  restartedMain] o.s.b.f.support.DisposableBeanAdapter    : Invocation of destroy method failed on bean with name 'inMemoryDatabaseShutdownExecutor': org.h2.jdbc.JdbcSQLNonTransientConnectionException: Database is already closed (to disable automatic closing at VM shutdown, add ";DB_CLOSE_ON_EXIT=FALSE" to the db URL) [90121-224]
2025-10-21T15:44:11.883-06:00  INFO 7746 --- [Campus Chapter Organizer] [  restartedMain] com.zaxxer.hikari.HikariDataSource       : HikariPool-1 - Shutdown initiated...
2025-10-21T15:44:11.883-06:00  INFO 7746 --- [Campus Chapter Organizer] [  restartedMain] com.zaxxer.hikari.HikariDataSource       : HikariPool-1 - Shutdown completed.
2025-10-21T15:44:11.890-06:00  INFO 7746 --- [Campus Chapter Organizer] [  restartedMain] .s.b.a.l.ConditionEvaluationReportLogger : 

Error starting ApplicationContext. To display the condition evaluation report re-run your application with 'debug' enabled.
2025-10-21T15:44:11.895-06:00 ERROR 7746 --- [Campus Chapter Organizer] [  restartedMain] o.s.b.d.LoggingFailureAnalysisReporter   : 

***************************
APPLICATION FAILED TO START
***************************

Description:

Web server failed to start. Port 8080 was already in use.

Action:

Identify and stop the process that's listening on port 8080 or configure this application to listen on another port.

[INFO] ------------------------------------------------------------------------
[INFO] BUILD SUCCESS
[INFO] ------------------------------------------------------------------------
[INFO] Total time:  3.044 s
[INFO] Finished at: 2025-10-21T15:44:11-06:00
[INFO] ------------------------------------------------------------------------
